[77fc2d89] gettid()                     = 94
[77fc2d89] rt_sigprocmask(SIG_SETMASK, [], NULL, 8) = 0
[77ff6acb] write(1, "forked\n", 7)      = 7
[77fc2d89] rt_sigaction(SIGPIPE, {SIG_IGN, [], SA_RESTART}, {SIG_DFL, [], 0}, 8) = 0
[77ff6acb] write(1, "creating loader\n", 16) = 16
[77ff6acb] open("/ram/rosmode", O_RDONLY|O_LARGEFILE) = 3
[77ff6acb] read(3, "\0\1\1\1\1\1\1\1\1\1\1\1\1\1\1\1\1\0\377\1\0", 21) = 21
[77ff6acb] close(3)                     = 0
[77ff6acb] open("/dev/jiffies", O_RDONLY|O_LARGEFILE) = 3
[77fc2d89] mmap2(NULL, 4096, PROT_READ, MAP_PRIVATE, 3, 0) = 0x77f51000
[77ff6acb] close(3)                     = 0
[77ff6acb] open("/proc/meminfo", O_RDONLY|O_LARGEFILE) = 3
[77ff6acb] readv(3, [{"", 0}, {"MemTotal:          66228 kB\nMemFree:           23216 kB\nMemAvailable:      45368 kB\nBuffers:            6448 kB\nCached:            24768 kB\nSwapCached:            0 kB\nActive:            14944 kB\nInactive:          16676 kB\nActive(anon):       1612 kB\nInactive(anon):      840 kB\nActive(file):      13332 kB\nInactive(file):    15836 kB\nUnevictable:           0 kB\nMlocked:               0 kB\nSwapTotal:             0 kB\nSwapFree:              0 kB\nDirty:                80 kB\nWriteback:             0 kB\nAnonPages:           468 kB\nMapped:             1588 kB\nShmem:              2044 kB\nKReclaimable:       1764 kB\nSlab:               8496 kB\nSReclaimable:       1764 kB\nSUnreclaim:         6732 kB\nKernelStack:         816 kB\nPageTables:           88 kB\nNFS_Unstable:          0 kB\nBounce:                0 kB\nWritebackTmp:          0 kB\nCommitLimit:       33112 kB\nCommitted_AS:       3476 kB\nVmallocTotal:   34359738367 kB\nVmallocUsed:        2148 kB\nVmallocChunk:          0 kB\nPercpu:              208 kB\nDirectMap4k: ", 1024}], 2) = 1024
[77fc2d89] brk(0)                       = 0x805c000
[77fc2d89] brk(0x805f000)               = 0x805f000
[77fc2d89] sigaltstack({ss_sp=0x805c010, ss_flags=0x2000 /* SS_??? */, ss_size=0}, NULL) = 0
[77fc2d89] _llseek(3, -1000, [24], SEEK_CUR) = 0
[77fc2d89] close(3)                     = 0
[77fc2d89] rt_sigaction(SIGSEGV, {0x77f8e748, [], SA_STACK|SA_RESTART|SA_NODEFER|SA_SIGINFO}, NULL, 8) = 0
[77fc2d89] rt_sigaction(SIGILL, {0x77f8e748, [], SA_STACK|SA_RESTART|SA_SIGINFO}, NULL, 8) = 0
[77fc2d89] rt_sigaction(SIGABRT, {0x77f8e748, [], SA_STACK|SA_RESTART|SA_SIGINFO}, NULL, 8) = 0
[77fc2d89] rt_sigaction(SIGBUS, {0x77f8e748, [], SA_STACK|SA_RESTART|SA_NODEFER|SA_SIGINFO}, NULL, 8) = 0
[77fc2d89] rt_sigaction(SIGFPE, {0x77f8e748, [], SA_STACK|SA_RESTART|SA_SIGINFO}, NULL, 8) = 0
[77fc2d89] rt_sigaction(SIGUSR2, {0x77f8e748, [], SA_STACK|SA_RESTART|SA_SIGINFO}, NULL, 8) = 0
[77fc2d89] rt_sigaction(SIGTRAP, {0x77f8e748, [], SA_RESTART|SA_SIGINFO}, NULL, 8) = 0
[77fc2d89] readlink("/dev/root-disk", "/dev/sda", 127) = 8
[77ff6acb] open("/dev/sda", O_RDONLY|O_LARGEFILE) = 3
[77ff6acb] readv(3, [{"\3721\300\216\320\274\0|\211\346P\7P\37\373\374\277\0\6\271\0\1\362\245\352\35\6\0\0\276\276\7\263\4\200<\200t#\200<\0u\t\203\306\20\376\313u\357\315\30\276\233\6\254<\0t\vV\273\7\0\264\16\315\20^\353\360\353\376\213\24\213L\2\211\365\277\5\0\273\0|\270\1\2W\315\23_s\f1\300\315\23Ou\355\276|\6\353\314\277\376}\201=U\252u\300\211\356\352\0|\0\0Error loading operating system\0Missing operating system\0\0\0\0\0\0\0\0\0\0\0\0\0\0\0\0\0\0\0\0\0\0\0\0\0\0\0\0\0\0\0\0\0\0\0\0\0\0\0\0\0\0\0\0\0\0\0\0\0\0\0\0\0\0\0\0\0\0\0\0\0\0\0\0\0\0\0\0\0\0\0\0\0\0\0\0\0\0\0\0\0\0\0\0\0\0\0\0\0#\0\0\0\0\0\0\0\0\0\0\0\0\0\0\0\0\0\0\0\0\0\0\0\0\0\0\0\0\0\0\0\0\0\0\0\0\0\0\0\0\0\0\0\0\0\0\0\0\0\0\0\0\0\0\0\0\0\0\0\0\0\0\0\0\0\0\0\0\0\0\0\0\0\0\0\0\0\0\0\0\0\0\0\0\0\0\0\0\0\0\0\0\0\0\0\0\0\0\0\0\0\0\0\0\0\0\0\0\0\0\0\0\0\0\0\0\0\0\0\0\0\0\0\0\0\0\0\0\0\0\0\0\0\0\0\0\0\0\0\0\0\0\0\0\0\0\0\0\0\0\0\0\0\0\0\0\0\0\0\0\0\0\0\0\0\0\0\0\0\0\0\0\0\0\0\0\0\200\0\1\0\203\361\376\376\0\10\0\0\0\10\1\0\0\361\376\376\203\361\376\376\0\20\1\0\0\340\2\0\0\0\0\0\0\0\0\0\0\0\0\0\0\0\0\0\0\0\0\0\0\0\0\0\0\0\0\0\0\0\0\0U", 511}, {"\252EFI PART\0\0\1\0\\\0\0\0\332d\3638\0\0\0\0\1\0\0\0\0\0\0\0\377\377\3\0\0\0\0\0\0\10\0\0\0\0\0\0\377\357\3\0\0\0\0\0,\27\251\221\37hF1\230\10ae\2\333\r\351\2\0\0\0\0\0\0\0\200\0\0\0\200\0\0\0\1'\271~\0\0\0\0\0\0\0\0\0\0\0\0\0\0\0\0\0\0\0\0\0\0\0\0\0\0\0\0\0\0\0\0\0\0\0\0\0\0\0\0\0\0\0\0\0\0\0\0\0\0\0\0\0\0\0\0\0\0\0\0\0\0\0\0\0\0\0\0\0\0\0\0\0\0\0\0\0\0\0\0\0\0\0\0\0\0\0\0\0\0\0\0\0\0\0\0\0\0\0\0\0\0\0\0\0\0\0\0\0\0\0\0\0\0\0\0\0\0\0\0\0\0\0\0\0\0\0\0\0\0\0\0\0\0\0\0\0\0\0\0\0\0\0\0\0\0\0\0\0\0\0\0\0\0\0\0\0\0\0\0\0\0\0\0\0\0\0\0\0\0\0\0\0\0\0\0\0\0\0\0\0\0\0\0\0\0\0\0\0\0\0\0\0\0\0\0\0\0\0\0\0\0\0\0\0\0\0\0\0\0\0\0\0\0\0\0\0\0\0\0\0\0\0\0\0\0\0\0\0\0\0\0\0\0\0\0\0\0\0\0\0\0\0\0\0\0\0\0\0\0\0\0\0\0\0\0\0\0\0\0\0\0\0\0\0\0\0\0\0\0\0\0\0\0\0\0\0\0\0\0\0\0\0\0\0\0\0\0\0\0\0\0\0\0\0\0\0\0\0\0\0\0\0\0\0\0\0\0\0\0\0\0\0\0\0\0\0\0\0\0\0\0\0\0\0\0\0\0\0\0\0\0\0\0\0\0\0\0\0\0\0\0\0\0\0\0\0\0\0\0\0\0\0\0\0\0\0\0\0\0\0\0\0\0\0\0\0\0\0\0\0\0\0\0\0\0\0\0\0\0\0\0\0\0\0\0\0\0\0\0\0\0\0\0\0\0\0\0\0\0\0\0\0\0\0\0\0\0\0\0\0\0\0\0\0\0\0\0\0\0(s*\301\37\370\322\21\272K\0\240\311>\311;\263g8\0177nEk\261T\236\254\\\356\355\366\0\10\0\0\0\0\0\0\377\17\1\0\0\0\0\0\4\0\0\0\0\0\0\0R\0o\0u\0t\0e\0r\0O\0S\0 \0B\0o\0o\0t\0\0\0\0\0\0\0\0\0\0\0\0\0\0\0\0\0\0\0\0\0\0\0\0\0\0\0\0\0\0\0\0\0\0\0\0\0\0\0\0\0\0\0\0\0\0\0\257=\306\17\203\204rG\216y=i\330G}\344\342\336\3445S\216IL\255\300?\3177R~\325\0\20\1\0\0\0\0\0\377\357\3\0\0\0\0\0\0\0\0\0\0\0\0\0R\0o\0u\0t\0e\0r\0O\0S\0\0\0\0\0\0\0\0\0\0\0\0\0\0\0\0\0\0\0\0\0\0\0\0\0\0\0\0\0\0\0\0\0\0\0\0\0\0\0\0\0\0\0\0\0\0\0\0\0\0\0\0\0\0\0\0\0\0\0\0\0\0\0\0\0\0\0\0\0\0\0\0\0\0\0\0\0\0\0\0\0\0\0\0\0\0\0\0\0\0\0\0\0\0\0\0\0\0\0\0\0\0\0\0\0\0\0\0\0\0\0\0\0\0\0\0\0\0\0\0\0\0\0\0\0\0\0\0\0\0\0\0\0\0\0\0\0\0\0\0\0\0\0\0\0\0\0\0\0\0\0\0\0\0\0\0\0\0\0\0\0\0\0\0\0\0\0\0\0\0\0\0\0\0\0\0\0\0\0\0\0\0\0\0\0\0\0\0\0\0\0\0\0\0\0\0\0\0\0\0\0\0\0\0\0\0\0\0\0\0\0\0\0\0\0\0\0\0\0\0\0\0\0\0\0\0\0\0\0\0\0\0\0\0\0\0\0\0\0\0\0\0\0\0\0\0\0\0\0\0\0\0\0\0\0\0\0\0\0\0\0\0\0\0\0\0\0\0\0\0\0\0\0\0\0\0\0\0\0\0\0\0\0\0\0\0\0\0\0\0\0\0\0\0\0\0\0\0\0\0\0\0\0\0\0\0\0\0\0\0\0\0", 1024}], 2) = 1535
[77fc2d89] _llseek(3, -1023, [512], SEEK_CUR) = 0
[77fc2d89] close(3)                     = 0
[77ff6acb] open("/dev/sda", O_RDWR|O_LARGEFILE) = 3
[77fc2d89] ioctl(3, HDIO_DRIVE_CMD, 0x7fffecd0) = 0
[77ff6acb] close(3)                     = 0
[77fc2d89] ioctl(1, SNDCTL_TMR_TIMEBASE or SNDRV_TIMER_IOCTL_NEXT_DEVICE or TCGETS, 0x7fffe4dc) = -1 ENOTTY (Inappropriate ioctl for device)
[77ff6acb] writev(1, [{"hdd-model='QEMU HARDDISK   ' s='QM00001             ' sz=128", 60}, {" MB\n", 4}], 2) = 64
[77ff6acb] open("/dev/sda", O_RDONLY|O_LARGEFILE) = 3
[77fc2d89] ioctl(3, HDIO_GET_IDENTITY, 0x7fffe8d0) = 0
[77ff6acb] close(3)                     = 0
[77fc2d89] readlink("/dev/root-disk", "/dev/sda", 127) = 8
[77ff6acb] open("/dev/sda", O_RDONLY|O_LARGEFILE) = 3
[77ff6acb] readv(3, [{"\3721\300\216\320\274\0|\211\346P\7P\37\373\374\277\0\6\271\0\1\362\245\352\35\6\0\0\276\276\7\263\4\200<\200t#\200<\0u\t\203\306\20\376\313u\357\315\30\276\233\6\254<\0t\vV\273\7\0\264\16\315\20^\353\360\353\376\213\24\213L\2\211\365\277\5\0\273\0|\270\1\2W\315\23_s\f1\300\315\23Ou\355\276|\6\353\314\277\376}\201=U\252u\300\211\356\352\0|\0\0Error loading operating system\0Missing operating system\0\0\0\0\0\0\0\0\0\0\0\0\0\0\0\0\0\0\0\0\0\0\0\0\0\0\0\0\0\0\0\0\0\0\0\0\0\0\0\0\0\0\0\0\0\0\0\0\0\0\0\0\0\0\0\0\0\0\0\0\0\0\0\0\0\0\0\0\0\0\0\0\0\0\0\0\0\0\0\0\0\0\0\0\0\0\0\0\0#\0\0\0\0\0\0\0\0\0\0\0\0\0\0\0\0\0\0\0\0\0\0\0\0\0\0\0\0\0\0\0\0\0\0\0\0\0\0\0\0\0\0\0\0\0\0\0\0\0\0\0\0\0\0\0\0\0\0\0\0\0\0\0\0\0\0\0\0\0\0\0\0\0\0\0\0\0\0\0\0\0\0\0\0\0\0\0\0\0\0\0\0\0\0\0\0\0\0\0\0\0\0\0\0\0\0\0\0\0\0\0\0\0\0\0\0\0\0\0\0\0\0\0\0\0\0\0\0\0\0\0\0\0\0\0\0\0\0\0\0\0\0\0\0\0\0\0\0\0\0\0\0\0\0\0\0\0\0\0\0\0\0\0\0\0\0\0\0\0\0\0\0\0\0\0\0\0\200\0\1\0\203\361\376\376\0\10\0\0\0\10\1\0\0\361\376\376\203\361\376\376\0\20\1\0\0\340\2\0\0\0\0\0\0\0\0\0\0\0\0\0\0\0\0\0\0\0\0\0\0\0\0\0\0\0\0\0\0\0\0\0U", 511}, {"\252EFI PART\0\0\1\0\\\0\0\0\332d\3638\0\0\0\0\1\0\0\0\0\0\0\0\377\377\3\0\0\0\0\0\0\10\0\0\0\0\0\0\377\357\3\0\0\0\0\0,\27\251\221\37hF1\230\10ae\2\333\r\351\2\0\0\0\0\0\0\0\200\0\0\0\200\0\0\0\1'\271~\0\0\0\0\0\0\0\0\0\0\0\0\0\0\0\0\0\0\0\0\0\0\0\0\0\0\0\0\0\0\0\0\0\0\0\0\0\0\0\0\0\0\0\0\0\0\0\0\0\0\0\0\0\0\0\0\0\0\0\0\0\0\0\0\0\0\0\0\0\0\0\0\0\0\0\0\0\0\0\0\0\0\0\0\0\0\0\0\0\0\0\0\0\0\0\0\0\0\0\0\0\0\0\0\0\0\0\0\0\0\0\0\0\0\0\0\0\0\0\0\0\0\0\0\0\0\0\0\0\0\0\0\0\0\0\0\0\0\0\0\0\0\0\0\0\0\0\0\0\0\0\0\0\0\0\0\0\0\0\0\0\0\0\0\0\0\0\0\0\0\0\0\0\0\0\0\0\0\0\0\0\0\0\0\0\0\0\0\0\0\0\0\0\0\0\0\0\0\0\0\0\0\0\0\0\0\0\0\0\0\0\0\0\0\0\0\0\0\0\0\0\0\0\0\0\0\0\0\0\0\0\0\0\0\0\0\0\0\0\0\0\0\0\0\0\0\0\0\0\0\0\0\0\0\0\0\0\0\0\0\0\0\0\0\0\0\0\0\0\0\0\0\0\0\0\0\0\0\0\0\0\0\0\0\0\0\0\0\0\0\0\0\0\0\0\0\0\0\0\0\0\0\0\0\0\0\0\0\0\0\0\0\0\0\0\0\0\0\0\0\0\0\0\0\0\0\0\0\0\0\0\0\0\0\0\0\0\0\0\0\0\0\0\0\0\0\0\0\0\0\0\0\0\0\0\0\0\0\0\0\0\0\0\0\0\0\0\0\0\0\0\0\0\0\0\0\0\0\0\0\0\0\0\0\0\0\0\0\0\0\0\0\0\0\0\0\0\0\0\0\0\0\0\0\0\0\0\0\0\0\0\0\0\0\0\0\0\0\0\0(s*\301\37\370\322\21\272K\0\240\311>\311;\263g8\0177nEk\261T\236\254\\\356\355\366\0\10\0\0\0\0\0\0\377\17\1\0\0\0\0\0\4\0\0\0\0\0\0\0R\0o\0u\0t\0e\0r\0O\0S\0 \0B\0o\0o\0t\0\0\0\0\0\0\0\0\0\0\0\0\0\0\0\0\0\0\0\0\0\0\0\0\0\0\0\0\0\0\0\0\0\0\0\0\0\0\0\0\0\0\0\0\0\0\0\257=\306\17\203\204rG\216y=i\330G}\344\342\336\3445S\216IL\255\300?\3177R~\325\0\20\1\0\0\0\0\0\377\357\3\0\0\0\0\0\0\0\0\0\0\0\0\0R\0o\0u\0t\0e\0r\0O\0S\0\0\0\0\0\0\0\0\0\0\0\0\0\0\0\0\0\0\0\0\0\0\0\0\0\0\0\0\0\0\0\0\0\0\0\0\0\0\0\0\0\0\0\0\0\0\0\0\0\0\0\0\0\0\0\0\0\0\0\0\0\0\0\0\0\0\0\0\0\0\0\0\0\0\0\0\0\0\0\0\0\0\0\0\0\0\0\0\0\0\0\0\0\0\0\0\0\0\0\0\0\0\0\0\0\0\0\0\0\0\0\0\0\0\0\0\0\0\0\0\0\0\0\0\0\0\0\0\0\0\0\0\0\0\0\0\0\0\0\0\0\0\0\0\0\0\0\0\0\0\0\0\0\0\0\0\0\0\0\0\0\0\0\0\0\0\0\0\0\0\0\0\0\0\0\0\0\0\0\0\0\0\0\0\0\0\0\0\0\0\0\0\0\0\0\0\0\0\0\0\0\0\0\0\0\0\0\0\0\0\0\0\0\0\0\0\0\0\0\0\0\0\0\0\0\0\0\0\0\0\0\0\0\0\0\0\0\0\0\0\0\0\0\0\0\0\0\0\0\0\0\0\0\0\0\0\0\0\0\0\0\0\0\0\0\0\0\0\0\0\0\0\0\0\0\0\0\0\0\0\0\0\0\0\0\0\0\0\0\0\0\0\0\0\0\0\0\0\0\0\0\0\0\0\0\0\0\0\0\0\0\0", 1024}], 2) = 1535
[77fc2d89] _llseek(3, -1023, [512], SEEK_CUR) = 0
[77fc2d89] close(3)                     = 0
[77fc2d89] readlink("/dev/root-disk", "/dev/sda", 127) = 8
[77ff6acb] open("/dev/sda", O_RDONLY|O_LARGEFILE) = 3
[77ff6acb] readv(3, [{"\3721\300\216\320\274\0|\211\346P\7P\37\373\374\277\0\6\271\0\1\362\245\352\35\6\0\0\276\276\7\263\4\200<\200t#\200<\0u\t\203\306\20\376\313u\357\315\30\276\233\6\254<\0t\vV\273\7\0\264\16\315\20^\353\360\353\376\213\24\213L\2\211\365\277\5\0\273\0|\270\1\2W\315\23_s\f1\300\315\23Ou\355\276|\6\353\314\277\376}\201=U\252u\300\211\356\352\0|\0\0Error loading operating system\0Missing operating system\0\0\0\0\0\0\0\0\0\0\0\0\0\0\0\0\0\0\0\0\0\0\0\0\0\0\0\0\0\0\0\0\0\0\0\0\0\0\0\0\0\0\0\0\0\0\0\0\0\0\0\0\0\0\0\0\0\0\0\0\0\0\0\0\0\0\0\0\0\0\0\0\0\0\0\0\0\0\0\0\0\0\0\0\0\0\0\0\0#\0\0\0\0\0\0\0\0\0\0\0\0\0\0\0\0\0\0\0\0\0\0\0\0\0\0\0\0\0\0\0\0\0\0\0\0\0\0\0\0\0\0\0\0\0\0\0\0\0\0\0\0\0\0\0\0\0\0\0\0\0\0\0\0\0\0\0\0\0\0\0\0\0\0\0\0\0\0\0\0\0\0\0\0\0\0\0\0\0\0\0\0\0\0\0\0\0\0\0\0\0\0\0\0\0\0\0\0\0\0\0\0\0\0\0\0\0\0\0\0\0\0\0\0\0\0\0\0\0\0\0\0\0\0\0\0\0\0\0\0\0\0\0\0\0\0\0\0\0\0\0\0\0\0\0\0\0\0\0\0\0\0\0\0\0\0\0\0\0\0\0\0\0\0\0\0\0\200\0\1\0\203\361\376\376\0\10\0\0\0\10\1\0\0\361\376\376\203\361\376\376\0\20\1\0\0\340\2\0\0\0\0\0\0\0\0\0\0\0\0\0\0\0\0\0\0\0\0\0\0\0\0\0\0\0\0\0\0\0\0\0U", 511}, {"\252EFI PART\0\0\1\0\\\0\0\0\332d\3638\0\0\0\0\1\0\0\0\0\0\0\0\377\377\3\0\0\0\0\0\0\10\0\0\0\0\0\0\377\357\3\0\0\0\0\0,\27\251\221\37hF1\230\10ae\2\333\r\351\2\0\0\0\0\0\0\0\200\0\0\0\200\0\0\0\1'\271~\0\0\0\0\0\0\0\0\0\0\0\0\0\0\0\0\0\0\0\0\0\0\0\0\0\0\0\0\0\0\0\0\0\0\0\0\0\0\0\0\0\0\0\0\0\0\0\0\0\0\0\0\0\0\0\0\0\0\0\0\0\0\0\0\0\0\0\0\0\0\0\0\0\0\0\0\0\0\0\0\0\0\0\0\0\0\0\0\0\0\0\0\0\0\0\0\0\0\0\0\0\0\0\0\0\0\0\0\0\0\0\0\0\0\0\0\0\0\0\0\0\0\0\0\0\0\0\0\0\0\0\0\0\0\0\0\0\0\0\0\0\0\0\0\0\0\0\0\0\0\0\0\0\0\0\0\0\0\0\0\0\0\0\0\0\0\0\0\0\0\0\0\0\0\0\0\0\0\0\0\0\0\0\0\0\0\0\0\0\0\0\0\0\0\0\0\0\0\0\0\0\0\0\0\0\0\0\0\0\0\0\0\0\0\0\0\0\0\0\0\0\0\0\0\0\0\0\0\0\0\0\0\0\0\0\0\0\0\0\0\0\0\0\0\0\0\0\0\0\0\0\0\0\0\0\0\0\0\0\0\0\0\0\0\0\0\0\0\0\0\0\0\0\0\0\0\0\0\0\0\0\0\0\0\0\0\0\0\0\0\0\0\0\0\0\0\0\0\0\0\0\0\0\0\0\0\0\0\0\0\0\0\0\0\0\0\0\0\0\0\0\0\0\0\0\0\0\0\0\0\0\0\0\0\0\0\0\0\0\0\0\0\0\0\0\0\0\0\0\0\0\0\0\0\0\0\0\0\0\0\0\0\0\0\0\0\0\0\0\0\0\0\0\0\0\0\0\0\0\0\0\0\0\0\0\0\0\0\0\0\0\0\0\0\0\0\0\0\0\0\0\0\0\0\0\0\0\0\0\0\0\0\0\0\0\0\0\0\0\0(s*\301\37\370\322\21\272K\0\240\311>\311;\263g8\0177nEk\261T\236\254\\\356\355\366\0\10\0\0\0\0\0\0\377\17\1\0\0\0\0\0\4\0\0\0\0\0\0\0R\0o\0u\0t\0e\0r\0O\0S\0 \0B\0o\0o\0t\0\0\0\0\0\0\0\0\0\0\0\0\0\0\0\0\0\0\0\0\0\0\0\0\0\0\0\0\0\0\0\0\0\0\0\0\0\0\0\0\0\0\0\0\0\0\0\257=\306\17\203\204rG\216y=i\330G}\344\342\336\3445S\216IL\255\300?\3177R~\325\0\20\1\0\0\0\0\0\377\357\3\0\0\0\0\0\0\0\0\0\0\0\0\0R\0o\0u\0t\0e\0r\0O\0S\0\0\0\0\0\0\0\0\0\0\0\0\0\0\0\0\0\0\0\0\0\0\0\0\0\0\0\0\0\0\0\0\0\0\0\0\0\0\0\0\0\0\0\0\0\0\0\0\0\0\0\0\0\0\0\0\0\0\0\0\0\0\0\0\0\0\0\0\0\0\0\0\0\0\0\0\0\0\0\0\0\0\0\0\0\0\0\0\0\0\0\0\0\0\0\0\0\0\0\0\0\0\0\0\0\0\0\0\0\0\0\0\0\0\0\0\0\0\0\0\0\0\0\0\0\0\0\0\0\0\0\0\0\0\0\0\0\0\0\0\0\0\0\0\0\0\0\0\0\0\0\0\0\0\0\0\0\0\0\0\0\0\0\0\0\0\0\0\0\0\0\0\0\0\0\0\0\0\0\0\0\0\0\0\0\0\0\0\0\0\0\0\0\0\0\0\0\0\0\0\0\0\0\0\0\0\0\0\0\0\0\0\0\0\0\0\0\0\0\0\0\0\0\0\0\0\0\0\0\0\0\0\0\0\0\0\0\0\0\0\0\0\0\0\0\0\0\0\0\0\0\0\0\0\0\0\0\0\0\0\0\0\0\0\0\0\0\0\0\0\0\0\0\0\0\0\0\0\0\0\0\0\0\0\0\0\0\0\0\0\0\0\0\0\0\0\0\0\0\0\0\0\0\0\0\0\0\0\0\0\0\0", 1024}], 2) = 1535
[77fc2d89] _llseek(3, -1023, [512], SEEK_CUR) = 0
[77fc2d89] close(3)                     = 0
[77ff6acb] open("/dev/sda", O_WRONLY|O_CREAT|O_TRUNC|O_LARGEFILE, 0666) = 3
[77fc2d89] ioctl(3, SNDCTL_TMR_TIMEBASE or SNDRV_TIMER_IOCTL_NEXT_DEVICE or TCGETS, 0x7fffe49c) = -1 ENOTTY (Inappropriate ioctl for device)
[77ff6acb] writev(3, [{"\3721\300\216\320\274\0|\211\346P\7P\37\373\374\277\0\6\271\0\1\362\245\352\35\6\0\0\276\276\7\263\4\200<\200t#\200<\0u\t\203\306\20\376\313u\357\315\30\276\233\6\254<\0t\vV\273\7\0\264\16\315\20^\353\360\353\376\213\24\213L\2\211\365\277\5\0\273\0|\270\1\2W\315\23_s\f1\300\315\23Ou\355\276|\6\353\314\277\376}\201=U\252u\300\211\356\352\0|\0\0Error loading operating system\0Missing operating system\0\0\0\0\0\0\0\0\0\0\0\0\0\0\0\0\0\0\0\0\0\0\0\0\0\0\0\0\0\0\0\0\0\0\0\0\0\0\0\0\0\0\0\0\0\0\0\0\0\0\0\0\0\0\0\0\0\0\0\0\0\0\0\0\0\0\0\0\0\0\0\0\0\0\0\0\0\0\0\0\0\0\0\0\0\0\0\0\0$\0\0\0\0\0\0\0\0\0\0\0\0\0\0\0\0\0\0\0\0\0\0\0\0\0\0\0\0\0\0\0\0\0\0\0\0\0\0\0\0\0\0\0\0\0\0\0\0\0\0\0\0\0\0\0\0\0\0\0\0\0\0\0\0\0\0\0\0\0\0\0\0\0\0\0\0\0\0\0\0\0\0\0\0\0\0\0\0\0\0\0\0\0\0\0\0\0\0\0\0\0\0\0\0\0\0\0\0\0\0\0\0\0\0\0\0\0\0\0\0\0\0\0\0\0\0\0\0\0\0\0\0\0\0\0\0\0\0\0\0\0\0\0\0\0\0\0\0\0\0\0\0\0\0\0\0\0\0\0\0\0\0\0\0\0\0\0\0\0\0\0\0\0\0\0\0\0\200\0\1\0\203\361\376\376\0\10\0\0\0\10\1\0\0\361\376\376\203\361\376\376\0\20\1\0\0\340\2\0\0\0\0\0\0\0\0\0\0\0\0\0\0\0\0\0\0\0\0\0\0\0\0\0\0\0\0\0\0\0\0\0U\252", 512}, {NULL, 0}], 2) = 512
[77fc2d89] close(3)                     = 0
[77fc2d89] sync()                       = 0
[77fc2d89] sync()                       = 0
[77fc2d89] socket(PF_FILE, SOCK_STREAM, 0) = 3
[77fc2d89] unlink("/ram/novasock")      = -1 ENOENT (No such file or directory)
[77fc2d89] bind(3, {sa_family=AF_FILE, sun_path="/ram/novasock"}, 110) = 0
[77fc2d89] listen(3, 10)                = 0
[77fc2d89] stat64("/pckg/option", 0x7fffe560) = -1 ENOENT (No such file or directory)
[77fc2d89] pipe([4, 5])                 = 0
[77fc2d89] fcntl64(4, F_SETFL, O_RDONLY|O_NONBLOCK|O_LARGEFILE) = 0
[77fc2d89] fcntl64(5, F_SETFL, O_RDONLY|O_NONBLOCK|O_LARGEFILE) = 0
[77fc2d89] rt_sigaction(SIGCHLD, {0x77f90cfc, [], SA_RESTART|SA_SIGINFO|SA_NOCLDSTOP}, {SIG_DFL, [], 0}, 8) = 0
[77ff6acb] write(1, "init\n", 5)        = 5
[77fc2d89] stat64("/nova/etc/loader.x3", 0x7ffffc10) = -1 ENOENT (No such file or directory)
[77ff6acb] open("/pckg", O_RDONLY|O_LARGEFILE|O_DIRECTORY|O_CLOEXEC) = 6
[77fc2d89] fcntl64(6, F_SETFD, FD_CLOEXEC) = 0
[77fc2d89] getdents64(6, {{d_ino=659, d_off=1, d_type=DT_DIR, d_reclen=24, d_name="."} {d_ino=648, d_off=2, d_type=DT_DIR, d_reclen=24, d_name=".."} {d_ino=675, d_off=3, d_type=DT_LNK, d_reclen=32, d_name="wireless"} {d_ino=674, d_off=4, d_type=DT_LNK, d_reclen=24, d_name="ups"} {d_ino=673, d_off=5, d_type=DT_LNK, d_reclen=32, d_name="security"} {d_ino=672, d_off=6, d_type=DT_LNK, d_reclen=24, d_name="ppp"} {d_ino=671, d_off=7, d_type=DT_LNK, d_reclen=24, d_name="ipv6"} {d_ino=670, d_off=8, d_type=DT_LNK, d_reclen=32, d_name="hotspot"} {d_ino=669, d_off=9, d_type=DT_LNK, d_reclen=24, d_name="dhcp"} {d_ino=668, d_off=10, d_type=DT_LNK, d_reclen=40, d_name="advanced-tools"}}, 2048) = 280
[77fc2d89] stat64("/pckg/wireless/nova/etc/loader", {st_dev=makedev(7, 0), st_ino=244, st_mode=S_IFDIR|0755, st_nlink=2, st_uid=0, st_gid=0, st_blksize=4096, st_blocks=0, st_size=34, st_atime=2022/10/17-11:35:57, st_mtime=2022/10/17-11:35:57, st_ctime=2022/10/17-11:35:57}) = 0
[77fc2d89] statfs("/pckg/wireless/nova/etc/loader", {f_type=0x73717368, f_bsize=57, f_blocks=4054449127424, f_bfree=7696581394432, f_bavail=1099511627776, f_files=17733920227328, f_ffree=0, f_fsid={0, 0}, f_namelen=7599595017440817199, f_frsize=7939691607537509746}) = 0
[77fc2d89] stat64("/pckg/ups/nova/etc/loader", {st_dev=makedev(7, 0), st_ino=274, st_mode=S_IFDIR|0755, st_nlink=2, st_uid=0, st_gid=0, st_blksize=4096, st_blocks=0, st_size=29, st_atime=2022/10/17-11:35:57, st_mtime=2022/10/17-11:35:57, st_ctime=2022/10/17-11:35:57}) = 0
[77fc2d89] statfs("/pckg/ups/nova/etc/loader", {f_type=0x73717368, f_bsize=57, f_blocks=4054449127424, f_bfree=7696581394432, f_bavail=1099511627776, f_files=17733920227328, f_ffree=0, f_fsid={0, 0}, f_namelen=8103435225752891439, f_frsize=7291153483039649651}) = 0
[77fc2d89] stat64("/pckg/security/nova/etc/loader", {st_dev=makedev(7, 0), st_ino=162, st_mode=S_IFDIR|0755, st_nlink=2, st_uid=0, st_gid=0, st_blksize=4096, st_blocks=0, st_size=34, st_atime=2022/10/17-11:35:57, st_mtime=2022/10/17-11:35:57, st_ctime=2022/10/17-11:35:57}) = 0
[77fc2d89] statfs("/pckg/security/nova/etc/loader", {f_type=0x73717368, f_bsize=57, f_blocks=4054449127424, f_bfree=7696581394432, f_bavail=1099511627776, f_files=17733920227328, f_ffree=0, f_fsid={0, 0}, f_namelen=7310238741382262831, f_frsize=7939698208969749859}) = 0
[77fc2d89] stat64("/pckg/ppp/nova/etc/loader", {st_dev=makedev(7, 0), st_ino=186, st_mode=S_IFDIR|0755, st_nlink=2, st_uid=0, st_gid=0, st_blksize=4096, st_blocks=0, st_size=29, st_atime=2022/10/17-11:35:57, st_mtime=2022/10/17-11:35:57, st_ctime=2022/10/17-11:35:57}) = 0
[77fc2d89] statfs("/pckg/ppp/nova/etc/loader", {f_type=0x73717368, f_bsize=57, f_blocks=4054449127424, f_bfree=7696581394432, f_bavail=1099511627776, f_files=17733920227328, f_ffree=0, f_fsid={0, 0}, f_namelen=8102027850869338159, f_frsize=7291153483039649648}) = 0
[77fc2d89] stat64("/pckg/ipv6/nova/etc/loader", {st_dev=makedev(7, 0), st_ino=262, st_mode=S_IFDIR|0755, st_nlink=2, st_uid=0, st_gid=0, st_blksize=4096, st_blocks=0, st_size=30, st_atime=2022/10/17-11:35:57, st_mtime=2022/10/17-11:35:57, st_ctime=2022/10/17-11:35:57}) = 0
[77fc2d89] statfs("/pckg/ipv6/nova/etc/loader", {f_type=0x73717368, f_bsize=57, f_blocks=4054449127424, f_bfree=7696581394432, f_bavail=1099511627776, f_files=17733920227328, f_ffree=0, f_fsid={0, 0}, f_namelen=8100057526032363567, f_frsize=3414140213485581942}) = 0
[77fc2d89] stat64("/pckg/hotspot/nova/etc/loader", {st_dev=makedev(7, 0), st_ino=216, st_mode=S_IFDIR|0755, st_nlink=2, st_uid=0, st_gid=0, st_blksize=4096, st_blocks=0, st_size=33, st_atime=2022/10/17-11:35:57, st_mtime=2022/10/17-11:35:57, st_ctime=2022/10/17-11:35:57}) = 0
[77fc2d89] statfs("/pckg/hotspot/nova/etc/loader", {f_type=0x73717368, f_bsize=57, f_blocks=4054449127424, f_bfree=7696581394432, f_bavail=1099511627776, f_files=17733920227328, f_ffree=0, f_fsid={0, 0}, f_namelen=8027718457017724975, f_frsize=8029407362780525428}) = 0
[77fc2d89] stat64("/pckg/dhcp/nova/etc/loader", {st_dev=makedev(7, 0), st_ino=151, st_mode=S_IFDIR|0755, st_nlink=2, st_uid=0, st_gid=0, st_blksize=4096, st_blocks=0, st_size=30, st_atime=2022/10/17-11:35:57, st_mtime=2022/10/17-11:35:57, st_ctime=2022/10/17-11:35:57}) = 0
[77fc2d89] statfs("/pckg/dhcp/nova/etc/loader", {f_type=0x73717368, f_bsize=57, f_blocks=4054449127424, f_bfree=7696581394432, f_bavail=1099511627776, f_files=17733920227328, f_ffree=0, f_fsid={0, 0}, f_namelen=7522189398845386799, f_frsize=3414140213485596771}) = 0
[77fc2d89] stat64("/pckg/advanced-tools/nova/etc/loader", {st_dev=makedev(7, 0), st_ino=141, st_mode=S_IFDIR|0755, st_nlink=2, st_uid=0, st_gid=0, st_blksize=4096, st_blocks=0, st_size=35, st_atime=2022/10/17-11:35:57, st_mtime=2022/10/17-11:35:57, st_ctime=2022/10/17-11:35:57}) = 0
[77fc2d89] statfs("/pckg/advanced-tools/nova/etc/loader", {f_type=0x73717368, f_bsize=57, f_blocks=4054449127424, f_bfree=7696581394432, f_bavail=1099511627776, f_files=17733920227328, f_ffree=0, f_fsid={0, 0}, f_namelen=7233114597763543087, f_frsize=8371457668974272886}) = 0
[77fc2d89] getdents64(6, {}, 2048)      = 0
[77ff6acb] close(6)                     = 0
[77fc2d89] stat64("/nova/etc/loader", {st_dev=makedev(7, 0), st_ino=112, st_mode=S_IFDIR|0755, st_nlink=2, st_uid=0, st_gid=0, st_blksize=4096, st_blocks=0, st_size=32, st_atime=2022/10/17-11:35:57, st_mtime=2022/10/17-11:35:57, st_ctime=2022/10/17-11:35:57}) = 0
[77ff6acb] open("/pckg/wireless/nova/etc/loader", O_RDONLY|O_LARGEFILE|O_DIRECTORY|O_CLOEXEC) = 6
[77fc2d89] fcntl64(6, F_SETFD, FD_CLOEXEC) = 0
[77fc2d89] getdents64(6, {{d_ino=244, d_off=1, d_type=DT_DIR, d_reclen=24, d_name="."} {d_ino=248, d_off=3, d_type=DT_DIR, d_reclen=24, d_name=".."} {d_ino=905, d_off=34, d_type=DT_REG, d_reclen=32, d_name="wireless.x3"}}, 2048) = 80
[77fc2d89] stat64("/pckg/wireless/nova/etc/loader/wireless.x3", {st_dev=makedev(7, 0), st_ino=905, st_mode=S_IFREG|0755, st_nlink=1, st_uid=0, st_gid=0, st_blksize=4096, st_blocks=1, st_size=163, st_atime=2022/10/17-11:34:43, st_mtime=2022/10/17-11:34:43, st_ctime=2022/10/17-11:34:43}) = 0
[77ff6acb] open("/pckg/wireless/nova/etc/loader/wireless.x3", O_RDONLY|O_LARGEFILE) = 7
[77fc2d89] fstat64(7, {st_dev=makedev(7, 0), st_ino=905, st_mode=S_IFREG|0755, st_nlink=1, st_uid=0, st_gid=0, st_blksize=4096, st_blocks=1, st_size=163, st_atime=2022/10/17-11:34:43, st_mtime=2022/10/17-11:34:43, st_ctime=2022/10/17-11:34:43}) = 0
[77fc2d89] mmap2(NULL, 163, PROT_READ, MAP_SHARED, 7, 0) = 0x77f50000
[77ff6acb] close(7)                     = 0
[77fc2d89] getdents64(6, {}, 2048)      = 0
[77ff6acb] close(6)                     = 0
[77ff6acb] open("/pckg/ups/nova/etc/loader", O_RDONLY|O_LARGEFILE|O_DIRECTORY|O_CLOEXEC) = 6
[77fc2d89] fcntl64(6, F_SETFD, FD_CLOEXEC) = 0
[77fc2d89] getdents64(6, {{d_ino=274, d_off=1, d_type=DT_DIR, d_reclen=24, d_name="."} {d_ino=275, d_off=3, d_type=DT_DIR, d_reclen=24, d_name=".."} {d_ino=932, d_off=29, d_type=DT_REG, d_reclen=32, d_name="ups.x3"}}, 2048) = 80
[77fc2d89] stat64("/pckg/ups/nova/etc/loader/ups.x3", {st_dev=makedev(7, 0), st_ino=932, st_mode=S_IFREG|0755, st_nlink=1, st_uid=0, st_gid=0, st_blksize=4096, st_blocks=1, st_size=108, st_atime=2022/10/17-11:25:55, st_mtime=2022/10/17-11:25:55, st_ctime=2022/10/17-11:25:55}) = 0
[77ff6acb] open("/pckg/ups/nova/etc/loader/ups.x3", O_RDONLY|O_LARGEFILE) = 7
[77fc2d89] fstat64(7, {st_dev=makedev(7, 0), st_ino=932, st_mode=S_IFREG|0755, st_nlink=1, st_uid=0, st_gid=0, st_blksize=4096, st_blocks=1, st_size=108, st_atime=2022/10/17-11:25:55, st_mtime=2022/10/17-11:25:55, st_ctime=2022/10/17-11:25:55}) = 0
[77fc2d89] mmap2(NULL, 108, PROT_READ, MAP_SHARED, 7, 0) = 0x77f4f000
[77ff6acb] close(7)                     = 0
[77fc2d89] getdents64(6, {}, 2048)      = 0
[77ff6acb] close(6)                     = 0
[77ff6acb] open("/pckg/security/nova/etc/loader", O_RDONLY|O_LARGEFILE|O_DIRECTORY|O_CLOEXEC) = 6
[77fc2d89] fcntl64(6, F_SETFD, FD_CLOEXEC) = 0
[77fc2d89] getdents64(6, {{d_ino=162, d_off=1, d_type=DT_DIR, d_reclen=24, d_name="."} {d_ino=166, d_off=3, d_type=DT_DIR, d_reclen=24, d_name=".."} {d_ino=800, d_off=34, d_type=DT_REG, d_reclen=32, d_name="security.x3"}}, 2048) = 80
[77fc2d89] stat64("/pckg/security/nova/etc/loader/security.x3", {st_dev=makedev(7, 0), st_ino=800, st_mode=S_IFREG|0755, st_nlink=1, st_uid=0, st_gid=0, st_blksize=4096, st_blocks=1, st_size=389, st_atime=2022/10/17-11:25:18, st_mtime=2022/10/17-11:25:18, st_ctime=2022/10/17-11:25:18}) = 0
[77ff6acb] open("/pckg/security/nova/etc/loader/security.x3", O_RDONLY|O_LARGEFILE) = 7
[77fc2d89] fstat64(7, {st_dev=makedev(7, 0), st_ino=800, st_mode=S_IFREG|0755, st_nlink=1, st_uid=0, st_gid=0, st_blksize=4096, st_blocks=1, st_size=389, st_atime=2022/10/17-11:25:18, st_mtime=2022/10/17-11:25:18, st_ctime=2022/10/17-11:25:18}) = 0
[77fc2d89] mmap2(NULL, 389, PROT_READ, MAP_SHARED, 7, 0) = 0x77f4e000
[77ff6acb] close(7)                     = 0
[77fc2d89] getdents64(6, {}, 2048)      = 0
[77ff6acb] close(6)                     = 0
[77ff6acb] open("/pckg/ppp/nova/etc/loader", O_RDONLY|O_LARGEFILE|O_DIRECTORY|O_CLOEXEC) = 6
[77fc2d89] fcntl64(6, F_SETFD, FD_CLOEXEC) = 0
[77fc2d89] getdents64(6, {{d_ino=186, d_off=1, d_type=DT_DIR, d_reclen=24, d_name="."} {d_ino=190, d_off=3, d_type=DT_DIR, d_reclen=24, d_name=".."} {d_ino=826, d_off=29, d_type=DT_REG, d_reclen=32, d_name="ppp.x3"}}, 2048) = 80
[77fc2d89] stat64("/pckg/ppp/nova/etc/loader/ppp.x3", {st_dev=makedev(7, 0), st_ino=826, st_mode=S_IFREG|0755, st_nlink=1, st_uid=0, st_gid=0, st_blksize=4096, st_blocks=1, st_size=289, st_atime=2022/10/17-11:30:58, st_mtime=2022/10/17-11:30:58, st_ctime=2022/10/17-11:30:58}) = 0
[77ff6acb] open("/pckg/ppp/nova/etc/loader/ppp.x3", O_RDONLY|O_LARGEFILE) = 7
[77fc2d89] fstat64(7, {st_dev=makedev(7, 0), st_ino=826, st_mode=S_IFREG|0755, st_nlink=1, st_uid=0, st_gid=0, st_blksize=4096, st_blocks=1, st_size=289, st_atime=2022/10/17-11:30:58, st_mtime=2022/10/17-11:30:58, st_ctime=2022/10/17-11:30:58}) = 0
[77fc2d89] mmap2(NULL, 289, PROT_READ, MAP_SHARED, 7, 0) = 0x77f4d000
[77ff6acb] close(7)                     = 0
[77fc2d89] getdents64(6, {}, 2048)      = 0
[77ff6acb] close(6)                     = 0
[77ff6acb] open("/pckg/ipv6/nova/etc/loader", O_RDONLY|O_LARGEFILE|O_DIRECTORY|O_CLOEXEC) = 6
[77fc2d89] fcntl64(6, F_SETFD, FD_CLOEXEC) = 0
[77fc2d89] getdents64(6, {{d_ino=262, d_off=1, d_type=DT_DIR, d_reclen=24, d_name="."} {d_ino=264, d_off=3, d_type=DT_DIR, d_reclen=24, d_name=".."} {d_ino=923, d_off=30, d_type=DT_REG, d_reclen=32, d_name="ipv6.x3"}}, 2048) = 80
[77fc2d89] stat64("/pckg/ipv6/nova/etc/loader/ipv6.x3", {st_dev=makedev(7, 0), st_ino=923, st_mode=S_IFREG|0755, st_nlink=1, st_uid=0, st_gid=0, st_blksize=4096, st_blocks=1, st_size=210, st_atime=2022/10/17-11:26:10, st_mtime=2022/10/17-11:26:10, st_ctime=2022/10/17-11:26:10}) = 0
[77ff6acb] open("/pckg/ipv6/nova/etc/loader/ipv6.x3", O_RDONLY|O_LARGEFILE) = 7
[77fc2d89] fstat64(7, {st_dev=makedev(7, 0), st_ino=923, st_mode=S_IFREG|0755, st_nlink=1, st_uid=0, st_gid=0, st_blksize=4096, st_blocks=1, st_size=210, st_atime=2022/10/17-11:26:10, st_mtime=2022/10/17-11:26:10, st_ctime=2022/10/17-11:26:10}) = 0
[77fc2d89] mmap2(NULL, 210, PROT_READ, MAP_SHARED, 7, 0) = 0x77f4c000
[77ff6acb] close(7)                     = 0
[77fc2d89] getdents64(6, {}, 2048)      = 0
[77ff6acb] close(6)                     = 0
[77ff6acb] open("/pckg/hotspot/nova/etc/loader", O_RDONLY|O_LARGEFILE|O_DIRECTORY|O_CLOEXEC) = 6
[77fc2d89] fcntl64(6, F_SETFD, FD_CLOEXEC) = 0
[77fc2d89] getdents64(6, {{d_ino=216, d_off=1, d_type=DT_DIR, d_reclen=24, d_name="."} {d_ino=219, d_off=3, d_type=DT_DIR, d_reclen=24, d_name=".."} {d_ino=854, d_off=33, d_type=DT_REG, d_reclen=32, d_name="hotspot.x3"}}, 2048) = 80
[77fc2d89] stat64("/pckg/hotspot/nova/etc/loader/hotspot.x3", {st_dev=makedev(7, 0), st_ino=854, st_mode=S_IFREG|0755, st_nlink=1, st_uid=0, st_gid=0, st_blksize=4096, st_blocks=1, st_size=112, st_atime=2022/10/17-11:28:01, st_mtime=2022/10/17-11:28:01, st_ctime=2022/10/17-11:28:01}) = 0
[77ff6acb] open("/pckg/hotspot/nova/etc/loader/hotspot.x3", O_RDONLY|O_LARGEFILE) = 7
[77fc2d89] fstat64(7, {st_dev=makedev(7, 0), st_ino=854, st_mode=S_IFREG|0755, st_nlink=1, st_uid=0, st_gid=0, st_blksize=4096, st_blocks=1, st_size=112, st_atime=2022/10/17-11:28:01, st_mtime=2022/10/17-11:28:01, st_ctime=2022/10/17-11:28:01}) = 0
[77fc2d89] mmap2(NULL, 112, PROT_READ, MAP_SHARED, 7, 0) = 0x77f4b000
[77ff6acb] close(7)                     = 0
[77fc2d89] getdents64(6, {}, 2048)      = 0
[77ff6acb] close(6)                     = 0
[77ff6acb] open("/pckg/dhcp/nova/etc/loader", O_RDONLY|O_LARGEFILE|O_DIRECTORY|O_CLOEXEC) = 6
[77fc2d89] fcntl64(6, F_SETFD, FD_CLOEXEC) = 0
[77fc2d89] getdents64(6, {{d_ino=151, d_off=1, d_type=DT_DIR, d_reclen=24, d_name="."} {d_ino=153, d_off=3, d_type=DT_DIR, d_reclen=24, d_name=".."} {d_ino=793, d_off=30, d_type=DT_REG, d_reclen=32, d_name="dhcp.x3"}}, 2048) = 80
[77fc2d89] stat64("/pckg/dhcp/nova/etc/loader/dhcp.x3", {st_dev=makedev(7, 0), st_ino=793, st_mode=S_IFREG|0755, st_nlink=1, st_uid=0, st_gid=0, st_blksize=4096, st_blocks=1, st_size=237, st_atime=2022/10/17-11:27:56, st_mtime=2022/10/17-11:27:56, st_ctime=2022/10/17-11:27:56}) = 0
[77ff6acb] open("/pckg/dhcp/nova/etc/loader/dhcp.x3", O_RDONLY|O_LARGEFILE) = 7
[77fc2d89] fstat64(7, {st_dev=makedev(7, 0), st_ino=793, st_mode=S_IFREG|0755, st_nlink=1, st_uid=0, st_gid=0, st_blksize=4096, st_blocks=1, st_size=237, st_atime=2022/10/17-11:27:56, st_mtime=2022/10/17-11:27:56, st_ctime=2022/10/17-11:27:56}) = 0
[77fc2d89] mmap2(NULL, 237, PROT_READ, MAP_SHARED, 7, 0) = 0x77f4a000
[77ff6acb] close(7)                     = 0
[77fc2d89] getdents64(6, {}, 2048)      = 0
[77ff6acb] close(6)                     = 0
[77ff6acb] open("/pckg/advanced-tools/nova/etc/loader", O_RDONLY|O_LARGEFILE|O_DIRECTORY|O_CLOEXEC) = 6
[77fc2d89] fcntl64(6, F_SETFD, FD_CLOEXEC) = 0
[77fc2d89] getdents64(6, {{d_ino=141, d_off=1, d_type=DT_DIR, d_reclen=24, d_name="."} {d_ino=143, d_off=3, d_type=DT_DIR, d_reclen=24, d_name=".."} {d_ino=785, d_off=35, d_type=DT_REG, d_reclen=32, d_name="adv-tools.x3"}}, 2048) = 80
[77fc2d89] stat64("/pckg/advanced-tools/nova/etc/loader/adv-tools.x3", {st_dev=makedev(7, 0), st_ino=785, st_mode=S_IFREG|0755, st_nlink=1, st_uid=0, st_gid=0, st_blksize=4096, st_blocks=2, st_size=783, st_atime=2022/10/17-11:25:46, st_mtime=2022/10/17-11:25:46, st_ctime=2022/10/17-11:25:46}) = 0
[77ff6acb] open("/pckg/advanced-tools/nova/etc/loader/adv-tools.x3", O_RDONLY|O_LARGEFILE) = 7
[77fc2d89] fstat64(7, {st_dev=makedev(7, 0), st_ino=785, st_mode=S_IFREG|0755, st_nlink=1, st_uid=0, st_gid=0, st_blksize=4096, st_blocks=2, st_size=783, st_atime=2022/10/17-11:25:46, st_mtime=2022/10/17-11:25:46, st_ctime=2022/10/17-11:25:46}) = 0
[77fc2d89] mmap2(NULL, 783, PROT_READ, MAP_SHARED, 7, 0) = 0x77f49000
[77ff6acb] close(7)                     = 0
[77fc2d89] getdents64(6, {}, 2048)      = 0
[77ff6acb] close(6)                     = 0
[77ff6acb] open("/nova/etc/loader", O_RDONLY|O_LARGEFILE|O_DIRECTORY|O_CLOEXEC) = 6
[77fc2d89] fcntl64(6, F_SETFD, FD_CLOEXEC) = 0
[77fc2d89] getdents64(6, {{d_ino=112, d_off=1, d_type=DT_DIR, d_reclen=24, d_name="."} {d_ino=124, d_off=3, d_type=DT_DIR, d_reclen=24, d_name=".."} {d_ino=687, d_off=32, d_type=DT_REG, d_reclen=32, d_name="system.x3"}}, 2048) = 80
[77fc2d89] stat64("/nova/etc/loader/system.x3", {st_dev=makedev(7, 0), st_ino=687, st_mode=S_IFREG|0755, st_nlink=1, st_uid=0, st_gid=0, st_blksize=4096, st_blocks=13, st_size=6499, st_atime=2022/10/17-11:02:06, st_mtime=2022/10/17-11:02:06, st_ctime=2022/10/17-11:02:06}) = 0
[77ff6acb] open("/nova/etc/loader/system.x3", O_RDONLY|O_LARGEFILE) = 7
[77fc2d89] fstat64(7, {st_dev=makedev(7, 0), st_ino=687, st_mode=S_IFREG|0755, st_nlink=1, st_uid=0, st_gid=0, st_blksize=4096, st_blocks=13, st_size=6499, st_atime=2022/10/17-11:02:06, st_mtime=2022/10/17-11:02:06, st_ctime=2022/10/17-11:02:06}) = 0
[77fc2d89] mmap2(NULL, 6499, PROT_READ, MAP_SHARED, 7, 0) = 0x77f47000
[77ff6acb] close(7)                     = 0
[77fc2d89] getdents64(6, {}, 2048)      = 0
[77ff6acb] close(6)                     = 0
[77fc2d89] times(NULL)                  = -27645
[77fc2d89] times(NULL)                  = -27645
[77fc2d89] times(NULL)                  = -27645
[77fc2d89] times(NULL)                  = -27645
[77fc2d89] sched_getaffinity(0, 128, {1}) = 8
[77fc2d89] times(NULL)                  = -27644
[77fc2d89] times(NULL)                  = -27644
[77fc2d89] sched_getaffinity(0, 128, {1}) = 8
[77fc2d89] brk(0x8060000)               = 0x8060000
[77fc2d89] times(NULL)                  = -27644
[77fc2d89] times(NULL)                  = -27644
[77fc2d89] times(NULL)                  = -27644
[77fc2d89] brk(0x8061000)               = 0x8061000
[77fc2d89] times(NULL)                  = -27644
[77fc2d89] times(NULL)                  = -27644
[77fc2d89] times(NULL)                  = -27644
[77fc2d89] times(NULL)                  = -27644
[77fc2d89] brk(0x8062000)               = 0x8062000
[77fc2d89] times(NULL)                  = -27644
[77fc2d89] times(NULL)                  = -27644
[77fc2d89] times(NULL)                  = -27644
[77fc2d89] brk(0x8063000)               = 0x8063000
[77fc2d89] times(NULL)                  = -27644
[77fc2d89] times(NULL)                  = -27643
[77fc2d89] times(NULL)                  = -27643
[77fc2d89] brk(0x8064000)               = 0x8064000
[77fc2d89] times(NULL)                  = -27643
[77fc2d89] times(NULL)                  = -27643
[77fc2d89] times(NULL)                  = -27643
[77fc2d89] brk(0x8065000)               = 0x8065000
[77fc2d89] times(NULL)                  = -27643
[77fc2d89] times(NULL)                  = -27643
[77fc2d89] times(NULL)                  = -27643
[77fc2d89] brk(0x8066000)               = 0x8066000
[77fc2d89] times(NULL)                  = -27643
[77fc2d89] times(NULL)                  = -27643
[77fc2d89] times(NULL)                  = -27643
[77fc2d89] brk(0x8067000)               = 0x8067000
[77fc2d89] times(NULL)                  = -27643
[77fc2d89] times(NULL)                  = -27643
[77fc2d89] times(NULL)                  = -27643
[77fc2d89] sched_getaffinity(0, 128, {1}) = 8
[77fc2d89] brk(0x8068000)               = 0x8068000
[77fc2d89] times(NULL)                  = -27642
[77fc2d89] times(NULL)                  = -27642
[77fc2d89] times(NULL)                  = -27642
[77fc2d89] brk(0x8069000)               = 0x8069000
[77fc2d89] times(NULL)                  = -27642
[77fc2d89] times(NULL)                  = -27642
[77fc2d89] times(NULL)                  = -27642
[77fc2d89] brk(0x806a000)               = 0x806a000
[77fc2d89] times(NULL)                  = -27642
[77fc2d89] times(NULL)                  = -27642
[77fc2d89] times(NULL)                  = -27642
[77fc2d89] brk(0x806b000)               = 0x806b000
[77fc2d89] times(NULL)                  = -27642
[77fc2d89] times(NULL)                  = -27642
[77fc2d89] times(NULL)                  = -27642
[77fc2d89] brk(0x806c000)               = 0x806c000
[77fc2d89] times(NULL)                  = -27642
[77fc2d89] times(NULL)                  = -27642
[77fc2d89] times(NULL)                  = -27642
[77fc2d89] brk(0x806d000)               = 0x806d000
[77fc2d89] times(NULL)                  = -27641
[77fc2d89] times(NULL)                  = -27641
[77fc2d89] times(NULL)                  = -27641
[77fc2d89] times(NULL)                  = -27641
[77fc2d89] brk(0x806e000)               = 0x806e000
[77fc2d89] times(NULL)                  = -27641
[77fc2d89] times(NULL)                  = -27641
[77fc2d89] times(NULL)                  = -27641
[77fc2d89] brk(0x806f000)               = 0x806f000
[77fc2d89] times(NULL)                  = -27641
[77fc2d89] times(NULL)                  = -27641
[77fc2d89] times(NULL)                  = -27641
[77fc2d89] brk(0x8070000)               = 0x8070000
[77fc2d89] times(NULL)                  = -27641
[77fc2d89] times(NULL)                  = -27641
[77fc2d89] times(NULL)                  = -27641
[77fc2d89] brk(0x8071000)               = 0x8071000
[77fc2d89] times(NULL)                  = -27641
[77fc2d89] times(NULL)                  = -27641
[77fc2d89] times(NULL)                  = -27641
[77fc2d89] brk(0x8072000)               = 0x8072000
[77fc2d89] times(NULL)                  = -27640
[77fc2d89] times(NULL)                  = -27640
[77fc2d89] times(NULL)                  = -27640
[77fc2d89] brk(0x8073000)               = 0x8073000
[77fc2d89] times(NULL)                  = -27640
[77fc2d89] times(NULL)                  = -27640
[77fc2d89] times(NULL)                  = -27640
[77fc2d89] brk(0x8074000)               = 0x8074000
[77fc2d89] times(NULL)                  = -27640
[77fc2d89] times(NULL)                  = -27640
[77fc2d89] times(NULL)                  = -27640
[77fc2d89] brk(0x8075000)               = 0x8075000
[77fc2d89] times(NULL)                  = -27640
[77fc2d89] times(NULL)                  = -27640
[77fc2d89] times(NULL)                  = -27640
[77fc2d89] brk(0x8076000)               = 0x8076000
[77fc2d89] times(NULL)                  = -27640
[77fc2d89] times(NULL)                  = -27640
[77fc2d89] times(NULL)                  = -27640
[77fc2d89] brk(0x8077000)               = 0x8077000
[77fc2d89] times(NULL)                  = -27639
[77fc2d89] times(NULL)                  = -27639
[77fc2d89] sched_getaffinity(0, 128, {1}) = 8
[77fc2d89] times(NULL)                  = -27639
[77fc2d89] brk(0x8078000)               = 0x8078000
[77fc2d89] times(NULL)                  = -27639
[77fc2d89] times(NULL)                  = -27639
[77fc2d89] times(NULL)                  = -27639
[77fc2d89] brk(0x8079000)               = 0x8079000
[77fc2d89] times(NULL)                  = -27639
[77fc2d89] times(NULL)                  = -27639
[77fc2d89] times(NULL)                  = -27639
[77fc2d89] brk(0x807a000)               = 0x807a000
[77fc2d89] times(NULL)                  = -27639
[77fc2d89] times(NULL)                  = -27639
[77fc2d89] times(NULL)                  = -27639
[77fc2d89] brk(0x807b000)               = 0x807b000
[77fc2d89] times(NULL)                  = -27639
[77fc2d89] times(NULL)                  = -27639
[77fc2d89] times(NULL)                  = -27639
[77fc2d89] brk(0x807c000)               = 0x807c000
[77fc2d89] times(NULL)                  = -27638
[77ff6acb] write(1, "loading xmls...done\n", 20) = 20
[77fc2d89] munmap(0x77f50000, 163)      = 0
[77fc2d89] munmap(0x77f4f000, 108)      = 0
[77fc2d89] munmap(0x77f4e000, 389)      = 0
[77fc2d89] munmap(0x77f4d000, 289)      = 0
[77fc2d89] munmap(0x77f4c000, 210)      = 0
[77fc2d89] munmap(0x77f4b000, 112)      = 0
[77fc2d89] munmap(0x77f4a000, 237)      = 0
[77fc2d89] munmap(0x77f49000, 783)      = 0
[77fc2d89] munmap(0x77f47000, 6499)     = 0
[77ff6acb] write(1, "sigusr1\n", 8)     = 8
[77fc2d89] getppid()                    = 93
[77fc2d89] getppid()                    = 93
[77fc2d89] kill(93, SIGUSR1)            = 0
[77fc2d89] rt_sigaction(SIGUSR1, {0x804f016, [], 0}, NULL, 8) = 0
[77ff6acb] write(1, "entering run...\n", 16) = 16
[77fc2d89] mkdir("/ram/rtrace", 0777)   = -1 EEXIST (File exists)
[77ff6acb] open("/ram/rtrace/control", O_RDWR|O_CREAT|O_LARGEFILE, 0666) = 6
[77fc2d89] ftruncate64(6, 4096)         = 0
[77fc2d89] mmap2(NULL, 4096, PROT_READ|PROT_WRITE, MAP_SHARED|MAP_POPULATE, 6, 0) = 0x77f50000
[77fc2d89] faccessat(AT_FDCWD, "/ram/NOZOMB", F_OK) = -1 ENOENT (No such file or directory)
[77fc2d89] faccessat(AT_FDCWD, "/ram/NOZOMB", F_OK) = -1 ENOENT (No such file or directory)
[77fc2d89] faccessat(AT_FDCWD, "/ram/NOZOMB", F_OK) = -1 ENOENT (No such file or directory)
[77fc2d89] faccessat(AT_FDCWD, "/ram/NOZOMB", F_OK) = -1 ENOENT (No such file or directory)
[77fc2d89] faccessat(AT_FDCWD, "/ram/NOZOMB", F_OK) = -1 ENOENT (No such file or directory)
[77fc2d89] faccessat(AT_FDCWD, "/ram/NOZOMB", F_OK) = -1 ENOENT (No such file or directory)
[77fc2d89] faccessat(AT_FDCWD, "/ram/NOZOMB", F_OK) = -1 ENOENT (No such file or directory)
[77fc2d89] faccessat(AT_FDCWD, "/ram/NOZOMB", F_OK) = -1 ENOENT (No such file or directory)
[77fc2d89] faccessat(AT_FDCWD, "/ram/NOZOMB", F_OK) = -1 ENOENT (No such file or directory)
[77fc2d89] faccessat(AT_FDCWD, "/ram/NOZOMB", F_OK) = -1 ENOENT (No such file or directory)
[77fc2d89] faccessat(AT_FDCWD, "/ram/NOZOMB", F_OK) = -1 ENOENT (No such file or directory)
[77fc2d89] faccessat(AT_FDCWD, "/ram/NOZOMB", F_OK) = -1 ENOENT (No such file or directory)
[77fc2d89] faccessat(AT_FDCWD, "/ram/NOZOMB", F_OK) = -1 ENOENT (No such file or directory)
[77fc2d89] faccessat(AT_FDCWD, "/ram/NOZOMB", F_OK) = -1 ENOENT (No such file or directory)
[77fc2d89] faccessat(AT_FDCWD, "/ram/NOZOMB", F_OK) = -1 ENOENT (No such file or directory)
[77fc2d89] faccessat(AT_FDCWD, "/ram/NOZOMB", F_OK) = -1 ENOENT (No such file or directory)
[77fc2d89] faccessat(AT_FDCWD, "/ram/NOZOMB", F_OK) = -1 ENOENT (No such file or directory)
[77fc2d89] faccessat(AT_FDCWD, "/ram/NOZOMB", F_OK) = -1 ENOENT (No such file or directory)
[77fc2d89] faccessat(AT_FDCWD, "/ram/NOZOMB", F_OK) = -1 ENOENT (No such file or directory)
[77fc2d89] faccessat(AT_FDCWD, "/ram/NOZOMB", F_OK) = -1 ENOENT (No such file or directory)
[77fc2d89] faccessat(AT_FDCWD, "/ram/NOZOMB", F_OK) = -1 ENOENT (No such file or directory)
[77fc2d89] faccessat(AT_FDCWD, "/ram/NOZOMB", F_OK) = -1 ENOENT (No such file or directory)
[77fc2d89] faccessat(AT_FDCWD, "/ram/NOZOMB", F_OK) = -1 ENOENT (No such file or directory)
[77fc2d89] faccessat(AT_FDCWD, "/ram/NOZOMB", F_OK) = -1 ENOENT (No such file or directory)
[77fc2d89] faccessat(AT_FDCWD, "/ram/NOZOMB", F_OK) = -1 ENOENT (No such file or directory)
[77fc2d89] faccessat(AT_FDCWD, "/ram/NOZOMB", F_OK) = -1 ENOENT (No such file or directory)
[77fc2d89] faccessat(AT_FDCWD, "/ram/NOZOMB", F_OK) = -1 ENOENT (No such file or directory)
[77fc2d89] faccessat(AT_FDCWD, "/ram/NOZOMB", F_OK) = -1 ENOENT (No such file or directory)
[77fc2d89] faccessat(AT_FDCWD, "/ram/NOZOMB", F_OK) = -1 ENOENT (No such file or directory)
[77fc2d89] faccessat(AT_FDCWD, "/ram/NOZOMB", F_OK) = -1 ENOENT (No such file or directory)
[77fc2d89] faccessat(AT_FDCWD, "/ram/NOZOMB", F_OK) = -1 ENOENT (No such file or directory)
[77fc2d89] faccessat(AT_FDCWD, "/ram/NOZOMB", F_OK) = -1 ENOENT (No such file or directory)
[77fc2d89] faccessat(AT_FDCWD, "/ram/NOZOMB", F_OK) = -1 ENOENT (No such file or directory)
[77fc2d89] faccessat(AT_FDCWD, "/ram/NOZOMB", F_OK) = -1 ENOENT (No such file or directory)
[77fc2d89] faccessat(AT_FDCWD, "/ram/NOZOMB", F_OK) = -1 ENOENT (No such file or directory)
[77fc2d89] faccessat(AT_FDCWD, "/ram/NOZOMB", F_OK) = -1 ENOENT (No such file or directory)
[77fc2d89] faccessat(AT_FDCWD, "/ram/NOZOMB", F_OK) = -1 ENOENT (No such file or directory)
[77fc2d89] faccessat(AT_FDCWD, "/ram/NOZOMB", F_OK) = -1 ENOENT (No such file or directory)
[77fc2d89] faccessat(AT_FDCWD, "/ram/NOZOMB", F_OK) = -1 ENOENT (No such file or directory)
[77fc2d89] faccessat(AT_FDCWD, "/ram/NOZOMB", F_OK) = -1 ENOENT (No such file or directory)
[77fc2d89] faccessat(AT_FDCWD, "/ram/NOZOMB", F_OK) = -1 ENOENT (No such file or directory)
[77fc2d89] faccessat(AT_FDCWD, "/ram/NOZOMB", F_OK) = -1 ENOENT (No such file or directory)
[77fc2d89] faccessat(AT_FDCWD, "/ram/NOZOMB", F_OK) = -1 ENOENT (No such file or directory)
[77fc2d89] faccessat(AT_FDCWD, "/ram/NOZOMB", F_OK) = -1 ENOENT (No such file or directory)
[77fc2d89] faccessat(AT_FDCWD, "/ram/NOZOMB", F_OK) = -1 ENOENT (No such file or directory)
[77fc2d89] faccessat(AT_FDCWD, "/ram/NOZOMB", F_OK) = -1 ENOENT (No such file or directory)
[77fc2d89] faccessat(AT_FDCWD, "/ram/NOZOMB", F_OK) = -1 ENOENT (No such file or directory)
[77fc2d89] faccessat(AT_FDCWD, "/ram/NOZOMB", F_OK) = -1 ENOENT (No such file or directory)
[77fc2d89] faccessat(AT_FDCWD, "/ram/NOZOMB", F_OK) = -1 ENOENT (No such file or directory)
[77fc2d89] faccessat(AT_FDCWD, "/ram/NOZOMB", F_OK) = -1 ENOENT (No such file or directory)
[77fc2d89] faccessat(AT_FDCWD, "/ram/NOZOMB", F_OK) = -1 ENOENT (No such file or directory)
[77fc2d89] faccessat(AT_FDCWD, "/ram/NOZOMB", F_OK) = -1 ENOENT (No such file or directory)
[77fc2d89] faccessat(AT_FDCWD, "/ram/NOZOMB", F_OK) = -1 ENOENT (No such file or directory)
[77fc2d89] faccessat(AT_FDCWD, "/ram/NOZOMB", F_OK) = -1 ENOENT (No such file or directory)
[77fc2d89] faccessat(AT_FDCWD, "/ram/NOZOMB", F_OK) = -1 ENOENT (No such file or directory)
[77fc2d89] faccessat(AT_FDCWD, "/ram/NOZOMB", F_OK) = -1 ENOENT (No such file or directory)
[77fc2d89] faccessat(AT_FDCWD, "/ram/NOZOMB", F_OK) = -1 ENOENT (No such file or directory)
[77fc2d89] faccessat(AT_FDCWD, "/ram/NOZOMB", F_OK) = -1 ENOENT (No such file or directory)
[77fc2d89] faccessat(AT_FDCWD, "/ram/NOZOMB", F_OK) = -1 ENOENT (No such file or directory)
[77fc2d89] faccessat(AT_FDCWD, "/ram/NOZOMB", F_OK) = -1 ENOENT (No such file or directory)
[77fc2d89] faccessat(AT_FDCWD, "/ram/NOZOMB", F_OK) = -1 ENOENT (No such file or directory)
[77fc2d89] faccessat(AT_FDCWD, "/ram/NOZOMB", F_OK) = -1 ENOENT (No such file or directory)
[77fc2d89] faccessat(AT_FDCWD, "/ram/NOZOMB", F_OK) = -1 ENOENT (No such file or directory)
[77fc2d89] faccessat(AT_FDCWD, "/ram/NOZOMB", F_OK) = -1 ENOENT (No such file or directory)
[77fc2d89] faccessat(AT_FDCWD, "/ram/NOZOMB", F_OK) = -1 ENOENT (No such file or directory)
[77fc2d89] faccessat(AT_FDCWD, "/ram/NOZOMB", F_OK) = -1 ENOENT (No such file or directory)
[77fc2d89] faccessat(AT_FDCWD, "/ram/NOZOMB", F_OK) = -1 ENOENT (No such file or directory)
[77fc2d89] faccessat(AT_FDCWD, "/ram/NOZOMB", F_OK) = -1 ENOENT (No such file or directory)
[77fc2d89] faccessat(AT_FDCWD, "/ram/NOZOMB", F_OK) = -1 ENOENT (No such file or directory)
[77fc2d89] faccessat(AT_FDCWD, "/ram/NOZOMB", F_OK) = -1 ENOENT (No such file or directory)
[77fc2d89] faccessat(AT_FDCWD, "/ram/NOZOMB", F_OK) = -1 ENOENT (No such file or directory)
[77fc2d89] faccessat(AT_FDCWD, "/ram/NOZOMB", F_OK) = -1 ENOENT (No such file or directory)
[77fc2d89] faccessat(AT_FDCWD, "/ram/NOZOMB", F_OK) = -1 ENOENT (No such file or directory)
[77fc2d89] faccessat(AT_FDCWD, "/ram/NOZOMB", F_OK) = -1 ENOENT (No such file or directory)
[77fc2d89] faccessat(AT_FDCWD, "/ram/NOZOMB", F_OK) = -1 ENOENT (No such file or directory)
[77fc2d89] faccessat(AT_FDCWD, "/ram/NOZOMB", F_OK) = -1 ENOENT (No such file or directory)
[77fc2d89] faccessat(AT_FDCWD, "/ram/NOZOMB", F_OK) = -1 ENOENT (No such file or directory)
[77fc2d89] faccessat(AT_FDCWD, "/ram/NOZOMB", F_OK) = -1 ENOENT (No such file or directory)
[77fc2d89] faccessat(AT_FDCWD, "/ram/NOZOMB", F_OK) = -1 ENOENT (No such file or directory)
[77fc2d89] faccessat(AT_FDCWD, "/ram/NOZOMB", F_OK) = -1 ENOENT (No such file or directory)
[77fc2d89] faccessat(AT_FDCWD, "/ram/NOZOMB", F_OK) = -1 ENOENT (No such file or directory)
[77fc2d89] faccessat(AT_FDCWD, "/ram/NOZOMB", F_OK) = -1 ENOENT (No such file or directory)
[77fc2d89] faccessat(AT_FDCWD, "/ram/NOZOMB", F_OK) = -1 ENOENT (No such file or directory)
[77fc2d89] faccessat(AT_FDCWD, "/ram/NOZOMB", F_OK) = -1 ENOENT (No such file or directory)
[77fc2d89] faccessat(AT_FDCWD, "/ram/NOZOMB", F_OK) = -1 ENOENT (No such file or directory)
[77fc2d89] faccessat(AT_FDCWD, "/ram/NOZOMB", F_OK) = -1 ENOENT (No such file or directory)
[77fc2d89] faccessat(AT_FDCWD, "/ram/NOZOMB", F_OK) = -1 ENOENT (No such file or directory)
[77fc2d89] faccessat(AT_FDCWD, "/ram/NOZOMB", F_OK) = -1 ENOENT (No such file or directory)
[77fc2d89] faccessat(AT_FDCWD, "/ram/NOZOMB", F_OK) = -1 ENOENT (No such file or directory)
[77fc2d89] faccessat(AT_FDCWD, "/ram/NOZOMB", F_OK) = -1 ENOENT (No such file or directory)
[77fc2d89] faccessat(AT_FDCWD, "/ram/NOZOMB", F_OK) = -1 ENOENT (No such file or directory)
[77fc2d89] faccessat(AT_FDCWD, "/ram/NOZOMB", F_OK) = -1 ENOENT (No such file or directory)
[77fc2d89] faccessat(AT_FDCWD, "/ram/NOZOMB", F_OK) = -1 ENOENT (No such file or directory)
[77ff6acb] poll([{fd=3, events=POLLIN}, {fd=4, events=POLLIN}], 2, 9790) = 1 ([{fd=3, revents=POLLIN}])
[77ff6acb] accept4(3, {sa_family=AF_FILE, NULL}, [2], 0) = 7
[77ff6acb] write(2, "building dynamic peer\n", 22) = 22
[77fc2d89] fcntl64(7, F_SETFL, O_RDONLY|O_NONBLOCK|O_LARGEFILE) = 0
[77ff6acb] poll([{fd=3, events=POLLIN}, {fd=4, events=POLLIN}, {fd=7, events=POLLIN}], 3, 8780) = 1 ([{fd=7, revents=POLLIN}])
[77ff6acb] recvmsg(7, {msg_name(0)=NULL, msg_iov(1)=[{"M\0\0\0M2\1\0\377\210\1\0\1\0\0\0\2\0\377\210\0\0\1\0\0\210\f\0\0\0\0\0\0\0\0\0\0\0\0\0\0\0\0\0\0\0\0\0\0\0\0\0\0\0\0\0\0\0\0\0\0\0\0\0\0\0\0\0\0\0\0\0\0\0\0\0\r\0\377\t\5", 1024}], msg_controllen=0, msg_flags=0}, 0) = 81
[77ff6acb] write(2, "( dynamic(7) local( READY) peer(1031,ffffffff,,BADID) ) sending READY_CONFIRM message\n", 86) = 86
[77ff6acb] write(1, "( dynamic(7) local( READY) peer(1031,ffffffff,,BADID) ) flusing queue\n", 70) = 70
[77ff6acb] poll([{fd=3, events=POLLIN}, {fd=4, events=POLLIN}, {fd=7, events=POLLIN|POLLOUT}], 3, 8770) = 1 ([{fd=7, revents=POLLOUT}])
[77ff6acb] sendmsg(7, {msg_name(0)=NULL, msg_iov(1)=[{"6\0\0\0M2\6\0\0\10\7\4\0\0\10\0\0\t\3\r\0\377\t\10\1\0\0\t\0\2\0\0\t\0\3\0\0\t\2\5\0\0)\2M2\7\0\0\20\265\307\16O\344\1\0\0", 58}], msg_controllen=0, msg_flags=0}, 0) = 58
[77ff6acb] poll([{fd=3, events=POLLIN}, {fd=4, events=POLLIN}, {fd=7, events=POLLIN}], 3, 8760) = 1 ([{fd=7, revents=POLLIN|POLLHUP}])
[77ff6acb] recvmsg(7, {msg_name(0)=NULL, msg_iov(1)=[{"\342\0\0\0M2\1\0\377\2103\0\2\0\377\0\1\0\0\0\2\0\0\0\1\0\0\0\3\0\0\0\1\0\0\0\6\0\0\0\1\0\0\0\n\0\0\0\1\0\0\0\17\0\0\0\1\0\0\0\20\0\0\0\1\0\0\0\22\0\0\0\1\0\0\0\24\0\0\0\1\0\0\0\30\0\0\0\1\0\0\0\35\0\0\0\1\0\0\0\36\0\0\0\1\0\0\0\37\0\0\0\1\0\0\0+\0\0\0\1\0\0\0,\0\0\0\1\0\0\0006\0\0\0\1\0\0\0@\0\0\0\1\0\0\0D\0\0\0\1\0\0\0O\0\0\0\1\0\0\0U\0\0\0\1\0\0\0X\0\0\0\1\0\0\0v\0\0\0\1\0\0\0x\0\0\0\1\0\0\0{\0\0\0\1\0\0\0\201\0\0\0\1\0\0\0\205\0\0\0\2\0\377\210\0\0\7\0\377\10\0\0\376\0", 1024}], msg_controllen=0, msg_flags=0}, 0) = 230
[77ff6acb] recvmsg(7, {msg_name(0)=NULL, msg_iov(1)=[{"", 1024}], msg_controllen=0, msg_flags=0}, 0) = 0
[77ff6acb] write(1, "read failed (EOF)\n", 18) = 18
[77ff6acb] close(7)                     = 0
[77fc2d89] times(NULL)                  = -27528
[77ff6acb] write(1, "checkForFreeMemory\n", 19) = 19
[77ff6acb] open("/proc/meminfo", O_RDONLY|O_LARGEFILE) = 7
[77ff6acb] readv(7, [{"", 0}, {"MemTotal:          66228 kB\nMemFree:           22708 kB\nMemAvailable:      45332 kB\nBuffers:            6556 kB\nCached:            25100 kB\nSwapCached:            0 kB\nActive:            15260 kB\nInactive:          16908 kB\nActive(anon):       1716 kB\nInactive(anon):      836 kB\nActive(file):      13544 kB\nInactive(file):    16072 kB\nUnevictable:           0 kB\nMlocked:               0 kB\nSwapTotal:             0 kB\nSwapFree:              0 kB\nDirty:                40 kB\nWriteback:             0 kB\nAnonPages:           504 kB\nMapped:             1348 kB\nShmem:              2044 kB\nKReclaimable:       1816 kB\nSlab:               8568 kB\nSReclaimable:       1816 kB\nSUnreclaim:         6752 kB\nKernelStack:         784 kB\nPageTables:           68 kB\nNFS_Unstable:          0 kB\nBounce:                0 kB\nWritebackTmp:          0 kB\nCommitLimit:       33112 kB\nCommitted_AS:       3384 kB\nVmallocTotal:   34359738367 kB\nVmallocUsed:        2148 kB\nVmallocChunk:          0 kB\nPercpu:              208 kB\nDirectMap4k: ", 1024}], 2) = 1024
[77ff6acb] readv(7, [{"", 0}, {"      26496 kB\nDirectMap2M:      104448 kB\n    22708 kB\nMemAvailable:      45332 kB\nBuffers:            6556 kB\nCached:            25100 kB\nSwapCached:            0 kB\nActive:            15260 kB\nInactive:          16908 kB\nActive(anon):       1716 kB\nInactive(anon):      836 kB\nActive(file):      13544 kB\nInactive(file):    16072 kB\nUnevictable:           0 kB\nMlocked:               0 kB\nSwapTotal:             0 kB\nSwapFree:              0 kB\nDirty:                40 kB\nWriteback:             0 kB\nAnonPages:           504 kB\nMapped:             1348 kB\nShmem:              2044 kB\nKReclaimable:       1816 kB\nSlab:               8568 kB\nSReclaimable:       1816 kB\nSUnreclaim:         6752 kB\nKernelStack:         784 kB\nPageTables:           68 kB\nNFS_Unstable:          0 kB\nBounce:                0 kB\nWritebackTmp:          0 kB\nCommitLimit:       33112 kB\nCommitted_AS:       3384 kB\nVmallocTotal:   34359738367 kB\nVmallocUsed:        2148 kB\nVmallocChunk:          0 kB\nPercpu:              208 kB\nDirectMap4k: ", 1024}], 2) = 43
[77ff6acb] readv(7, [{"", 0}, {"      26496 kB\nDirectMap2M:      104448 kB\n    22708 kB\nMemAvailable:      45332 kB\nBuffers:            6556 kB\nCached:            25100 kB\nSwapCached:            0 kB\nActive:            15260 kB\nInactive:          16908 kB\nActive(anon):       1716 kB\nInactive(anon):      836 kB\nActive(file):      13544 kB\nInactive(file):    16072 kB\nUnevictable:           0 kB\nMlocked:               0 kB\nSwapTotal:             0 kB\nSwapFree:              0 kB\nDirty:                40 kB\nWriteback:             0 kB\nAnonPages:           504 kB\nMapped:             1348 kB\nShmem:              2044 kB\nKReclaimable:       1816 kB\nSlab:               8568 kB\nSReclaimable:       1816 kB\nSUnreclaim:         6752 kB\nKernelStack:         784 kB\nPageTables:           68 kB\nNFS_Unstable:          0 kB\nBounce:                0 kB\nWritebackTmp:          0 kB\nCommitLimit:       33112 kB\nCommitted_AS:       3384 kB\nVmallocTotal:   34359738367 kB\nVmallocUsed:        2148 kB\nVmallocChunk:          0 kB\nPercpu:              208 kB\nDirectMap4k: ", 1024}], 2) = 0
[77fc2d89] close(7)                     = 0
[77fc2d89] socketpair(PF_FILE, SOCK_STREAM, 0, [7, 8]) = 0
[77fc2d89] rt_sigprocmask(SIG_BLOCK, ~[], [], 8) = 0
[77fc2d89] fork()                       = 96
[77fc2d89] rt_sigprocmask(SIG_SETMASK, [], NULL, 8) = 0
[77ff6acb] write(2, "( static( pname=mproxy ) local( DEAD) peer(2,ffffffff,,BADID) ) run!  started, pid 96\n", 86) = 86
[77ff6acb] close(8)                     = 0
[77fc2d89] fcntl64(7, F_SETFL, O_RDONLY|O_NONBLOCK|O_LARGEFILE) = 0
[77ff6acb] write(2, "( static( pname=mproxy pid=96 ) local( DEAD) peer(2,ffffffff,,BADID) ) entering state  WAITING\n", 95) = 95
[77fc2d89] faccessat(AT_FDCWD, "/ram/NOZOMB", F_OK) = -1 ENOENT (No such file or directory)
[77fc2d89] times(NULL)                  = -27468
[77ff6acb] write(1, "checkForFreeMemory\n", 19) = 19
[77ff6acb] open("/proc/meminfo", O_RDONLY|O_LARGEFILE) = 8
[77ff6acb] readv(8, [{"", 0}, {"MemTotal:          66228 kB\nMemFree:           22468 kB\nMemAvailable:      45220 kB\nBuffers:            6556 kB\nCached:            25260 kB\nSwapCached:            0 kB\nActive:            15312 kB\nInactive:          17028 kB\nActive(anon):       1764 kB\nInactive(anon):      836 kB\nActive(file):      13548 kB\nInactive(file):    16192 kB\nUnevictable:           0 kB\nMlocked:               0 kB\nSwapTotal:             0 kB\nSwapFree:              0 kB\nDirty:               124 kB\nWriteback:             0 kB\nAnonPages:           576 kB\nMapped:             1344 kB\nShmem:              2048 kB\nKReclaimable:       1820 kB\nSlab:               8580 kB\nSReclaimable:       1820 kB\nSUnreclaim:         6760 kB\nKernelStack:         800 kB\nPageTables:           84 kB\nNFS_Unstable:          0 kB\nBounce:                0 kB\nWritebackTmp:          0 kB\nCommitLimit:       33112 kB\nCommitted_AS:       3696 kB\nVmallocTotal:   34359738367 kB\nVmallocUsed:        2148 kB\nVmallocChunk:          0 kB\nPercpu:              208 kB\nDirectMap4k: ", 1024}], 2) = 1024
[77ff6acb] readv(8, [{"", 0}, {"      26496 kB\nDirectMap2M:      104448 kB\n    22468 kB\nMemAvailable:      45220 kB\nBuffers:            6556 kB\nCached:            25260 kB\nSwapCached:            0 kB\nActive:            15312 kB\nInactive:          17028 kB\nActive(anon):       1764 kB\nInactive(anon):      836 kB\nActive(file):      13548 kB\nInactive(file):    16192 kB\nUnevictable:           0 kB\nMlocked:               0 kB\nSwapTotal:             0 kB\nSwapFree:              0 kB\nDirty:               124 kB\nWriteback:             0 kB\nAnonPages:           576 kB\nMapped:             1344 kB\nShmem:              2048 kB\nKReclaimable:       1820 kB\nSlab:               8580 kB\nSReclaimable:       1820 kB\nSUnreclaim:         6760 kB\nKernelStack:         800 kB\nPageTables:           84 kB\nNFS_Unstable:          0 kB\nBounce:                0 kB\nWritebackTmp:          0 kB\nCommitLimit:       33112 kB\nCommitted_AS:       3696 kB\nVmallocTotal:   34359738367 kB\nVmallocUsed:        2148 kB\nVmallocChunk:          0 kB\nPercpu:              208 kB\nDirectMap4k: ", 1024}], 2) = 43
[77ff6acb] readv(8, [{"", 0}, {"      26496 kB\nDirectMap2M:      104448 kB\n    22468 kB\nMemAvailable:      45220 kB\nBuffers:            6556 kB\nCached:            25260 kB\nSwapCached:            0 kB\nActive:            15312 kB\nInactive:          17028 kB\nActive(anon):       1764 kB\nInactive(anon):      836 kB\nActive(file):      13548 kB\nInactive(file):    16192 kB\nUnevictable:           0 kB\nMlocked:               0 kB\nSwapTotal:             0 kB\nSwapFree:              0 kB\nDirty:               124 kB\nWriteback:             0 kB\nAnonPages:           576 kB\nMapped:             1344 kB\nShmem:              2048 kB\nKReclaimable:       1820 kB\nSlab:               8580 kB\nSReclaimable:       1820 kB\nSUnreclaim:         6760 kB\nKernelStack:         800 kB\nPageTables:           84 kB\nNFS_Unstable:          0 kB\nBounce:                0 kB\nWritebackTmp:          0 kB\nCommitLimit:       33112 kB\nCommitted_AS:       3696 kB\nVmallocTotal:   34359738367 kB\nVmallocUsed:        2148 kB\nVmallocChunk:          0 kB\nPercpu:              208 kB\nDirectMap4k: ", 1024}], 2) = 0
[77fc2d89] close(8)                     = 0
[77fc2d89] socketpair(PF_FILE, SOCK_STREAM, 0, [8, 9]) = 0
[77fc2d89] rt_sigprocmask(SIG_BLOCK, ~[], [], 8) = 0
[77fc2d89] fork()                       = 97
[77fc2d89] rt_sigprocmask(SIG_SETMASK, [], NULL, 8) = 0
[77ff6acb] write(2, "( static( pname=log ) local( DEAD) peer(3,ffffffff,,BADID) ) run!  started, pid 97\n", 83) = 83
[77ff6acb] close(9)                     = 0
[77fc2d89] fcntl64(8, F_SETFL, O_RDONLY|O_NONBLOCK|O_LARGEFILE) = 0
[77ff6acb] write(2, "( static( pname=log pid=97 ) local( DEAD) peer(3,ffffffff,,BADID) ) entering state  WAITING\n", 92) = 92
[77fc2d89] faccessat(AT_FDCWD, "/ram/NOZOMB", F_OK) = -1 ENOENT (No such file or directory)
[77fc2d89] times(NULL)                  = -27398
[77ff6acb] write(1, "checkForFreeMemory\n", 19) = 19
[77ff6acb] open("/proc/meminfo", O_RDONLY|O_LARGEFILE) = 9
[77ff6acb] readv(9, [{"", 0}, {"MemTotal:          66228 kB\nMemFree:           22192 kB\nMemAvailable:      45152 kB\nBuffers:            6556 kB\nCached:            25436 kB\nSwapCached:            0 kB\nActive:            15420 kB\nInactive:          17160 kB\nActive(anon):       1800 kB\nInactive(anon):      836 kB\nActive(file):      13620 kB\nInactive(file):    16324 kB\nUnevictable:           0 kB\nMlocked:               0 kB\nSwapTotal:             0 kB\nSwapFree:              0 kB\nDirty:                76 kB\nWriteback:             0 kB\nAnonPages:           620 kB\nMapped:             1752 kB\nShmem:              2048 kB\nKReclaimable:       1832 kB\nSlab:               8592 kB\nSReclaimable:       1832 kB\nSUnreclaim:         6760 kB\nKernelStack:         816 kB\nPageTables:          100 kB\nNFS_Unstable:          0 kB\nBounce:                0 kB\nWritebackTmp:          0 kB\nCommitLimit:       33112 kB\nCommitted_AS:       3700 kB\nVmallocTotal:   34359738367 kB\nVmallocUsed:        2148 kB\nVmallocChunk:          0 kB\nPercpu:              208 kB\nDirectMap4k: ", 1024}], 2) = 1024
[77ff6acb] readv(9, [{"", 0}, {"      26496 kB\nDirectMap2M:      104448 kB\n    22192 kB\nMemAvailable:      45152 kB\nBuffers:            6556 kB\nCached:            25436 kB\nSwapCached:            0 kB\nActive:            15420 kB\nInactive:          17160 kB\nActive(anon):       1800 kB\nInactive(anon):      836 kB\nActive(file):      13620 kB\nInactive(file):    16324 kB\nUnevictable:           0 kB\nMlocked:               0 kB\nSwapTotal:             0 kB\nSwapFree:              0 kB\nDirty:                76 kB\nWriteback:             0 kB\nAnonPages:           620 kB\nMapped:             1752 kB\nShmem:              2048 kB\nKReclaimable:       1832 kB\nSlab:               8592 kB\nSReclaimable:       1832 kB\nSUnreclaim:         6760 kB\nKernelStack:         816 kB\nPageTables:          100 kB\nNFS_Unstable:          0 kB\nBounce:                0 kB\nWritebackTmp:          0 kB\nCommitLimit:       33112 kB\nCommitted_AS:       3700 kB\nVmallocTotal:   34359738367 kB\nVmallocUsed:        2148 kB\nVmallocChunk:          0 kB\nPercpu:              208 kB\nDirectMap4k: ", 1024}], 2) = 43
[77ff6acb] readv(9, [{"", 0}, {"      26496 kB\nDirectMap2M:      104448 kB\n    22192 kB\nMemAvailable:      45152 kB\nBuffers:            6556 kB\nCached:            25436 kB\nSwapCached:            0 kB\nActive:            15420 kB\nInactive:          17160 kB\nActive(anon):       1800 kB\nInactive(anon):      836 kB\nActive(file):      13620 kB\nInactive(file):    16324 kB\nUnevictable:           0 kB\nMlocked:               0 kB\nSwapTotal:             0 kB\nSwapFree:              0 kB\nDirty:                76 kB\nWriteback:             0 kB\nAnonPages:           620 kB\nMapped:             1752 kB\nShmem:              2048 kB\nKReclaimable:       1832 kB\nSlab:               8592 kB\nSReclaimable:       1832 kB\nSUnreclaim:         6760 kB\nKernelStack:         816 kB\nPageTables:          100 kB\nNFS_Unstable:          0 kB\nBounce:                0 kB\nWritebackTmp:          0 kB\nCommitLimit:       33112 kB\nCommitted_AS:       3700 kB\nVmallocTotal:   34359738367 kB\nVmallocUsed:        2148 kB\nVmallocChunk:          0 kB\nPercpu:              208 kB\nDirectMap4k: ", 1024}], 2) = 0
[77fc2d89] close(9)                     = 0
[77fc2d89] socketpair(PF_FILE, SOCK_STREAM, 0, [9, 10]) = 0
[77fc2d89] rt_sigprocmask(SIG_BLOCK, ~[], [], 8) = 0
[77fc2d89] fork()                       = 98
[77fc2d89] rt_sigprocmask(SIG_SETMASK, [], NULL, 8) = 0
[77ff6acb] write(2, "( static( pname=moduler ) local( DEAD) peer(6,ffffffff,,BADID) ) run!  started, pid 98\n", 87) = 87
[77ff6acb] close(10)                    = 0
[77fc2d89] fcntl64(9, F_SETFL, O_RDONLY|O_NONBLOCK|O_LARGEFILE) = 0
[77ff6acb] write(2, "( static( pname=moduler pid=98 ) local( DEAD) peer(6,ffffffff,,BADID) ) entering state  WAITING\n", 96) = 96
[77fc2d89] faccessat(AT_FDCWD, "/ram/NOZOMB", F_OK) = -1 ENOENT (No such file or directory)
[77fc2d89] times(NULL)                  = -27334
[77ff6acb] write(1, "checkForFreeMemory\n", 19) = 19
[77ff6acb] open("/proc/meminfo", O_RDONLY|O_LARGEFILE) = 10
[77ff6acb] readv(10, [{"", 0}, {"MemTotal:          66228 kB\nMemFree:           21852 kB\nMemAvailable:      45000 kB\nBuffers:            6556 kB\nCached:            25612 kB\nSwapCached:            0 kB\nActive:            15512 kB\nInactive:          17324 kB\nActive(anon):       1884 kB\nInactive(anon):      836 kB\nActive(file):      13628 kB\nInactive(file):    16488 kB\nUnevictable:           0 kB\nMlocked:               0 kB\nSwapTotal:             0 kB\nSwapFree:              0 kB\nDirty:                36 kB\nWriteback:             0 kB\nAnonPages:           696 kB\nMapped:             1812 kB\nShmem:              2048 kB\nKReclaimable:       1864 kB\nSlab:               8636 kB\nSReclaimable:       1864 kB\nSUnreclaim:         6772 kB\nKernelStack:         832 kB\nPageTables:          108 kB\nNFS_Unstable:          0 kB\nBounce:                0 kB\nWritebackTmp:          0 kB\nCommitLimit:       33112 kB\nCommitted_AS:       3924 kB\nVmallocTotal:   34359738367 kB\nVmallocUsed:        2164 kB\nVmallocChunk:          0 kB\nPercpu:              208 kB\nDirectMap4k: ", 1024}], 2) = 1024
[77ff6acb] readv(10, [{"", 0}, {"      26496 kB\nDirectMap2M:      104448 kB\n    21852 kB\nMemAvailable:      45000 kB\nBuffers:            6556 kB\nCached:            25612 kB\nSwapCached:            0 kB\nActive:            15512 kB\nInactive:          17324 kB\nActive(anon):       1884 kB\nInactive(anon):      836 kB\nActive(file):      13628 kB\nInactive(file):    16488 kB\nUnevictable:           0 kB\nMlocked:               0 kB\nSwapTotal:             0 kB\nSwapFree:              0 kB\nDirty:                36 kB\nWriteback:             0 kB\nAnonPages:           696 kB\nMapped:             1812 kB\nShmem:              2048 kB\nKReclaimable:       1864 kB\nSlab:               8636 kB\nSReclaimable:       1864 kB\nSUnreclaim:         6772 kB\nKernelStack:         832 kB\nPageTables:          108 kB\nNFS_Unstable:          0 kB\nBounce:                0 kB\nWritebackTmp:          0 kB\nCommitLimit:       33112 kB\nCommitted_AS:       3924 kB\nVmallocTotal:   34359738367 kB\nVmallocUsed:        2164 kB\nVmallocChunk:          0 kB\nPercpu:              208 kB\nDirectMap4k: ", 1024}], 2) = 43
[77ff6acb] readv(10, [{"", 0}, {"      26496 kB\nDirectMap2M:      104448 kB\n    21852 kB\nMemAvailable:      45000 kB\nBuffers:            6556 kB\nCached:            25612 kB\nSwapCached:            0 kB\nActive:            15512 kB\nInactive:          17324 kB\nActive(anon):       1884 kB\nInactive(anon):      836 kB\nActive(file):      13628 kB\nInactive(file):    16488 kB\nUnevictable:           0 kB\nMlocked:               0 kB\nSwapTotal:             0 kB\nSwapFree:              0 kB\nDirty:                36 kB\nWriteback:             0 kB\nAnonPages:           696 kB\nMapped:             1812 kB\nShmem:              2048 kB\nKReclaimable:       1864 kB\nSlab:               8636 kB\nSReclaimable:       1864 kB\nSUnreclaim:         6772 kB\nKernelStack:         832 kB\nPageTables:          108 kB\nNFS_Unstable:          0 kB\nBounce:                0 kB\nWritebackTmp:          0 kB\nCommitLimit:       33112 kB\nCommitted_AS:       3924 kB\nVmallocTotal:   34359738367 kB\nVmallocUsed:        2164 kB\nVmallocChunk:          0 kB\nPercpu:              208 kB\nDirectMap4k: ", 1024}], 2) = 0
[77fc2d89] close(10)                    = 0
[77fc2d89] socketpair(PF_FILE, SOCK_STREAM, 0, [10, 11]) = 0
[77fc2d89] rt_sigprocmask(SIG_BLOCK, ~[], [], 8) = 0
[77fc2d89] fork()                       = 99
[77fc2d89] rt_sigprocmask(SIG_SETMASK, [], NULL, 8) = 0
[77ff6acb] write(2, "( static( pname=discover ) local( DEAD) peer(10,ffffffff,,BADID) ) run!  started, pid 99\n", 89) = 89
[77ff6acb] close(11)                    = 0
[77fc2d89] fcntl64(10, F_SETFL, O_RDONLY|O_NONBLOCK|O_LARGEFILE) = 0
[77ff6acb] write(2, "( static( pname=discover pid=99 ) local( DEAD) peer(10,ffffffff,,BADID) ) entering state  WAITING\n", 98) = 98
[77fc2d89] faccessat(AT_FDCWD, "/ram/NOZOMB", F_OK) = -1 ENOENT (No such file or directory)
[77fc2d89] times(NULL)                  = -27273
[77ff6acb] write(1, "checkForFreeMemory\n", 19) = 19
[77ff6acb] open("/proc/meminfo", O_RDONLY|O_LARGEFILE) = 11
[77ff6acb] readv(11, [{"", 0}, {"MemTotal:          66228 kB\nMemFree:           21568 kB\nMemAvailable:      44860 kB\nBuffers:            6556 kB\nCached:            25760 kB\nSwapCached:            0 kB\nActive:            15612 kB\nInactive:          17460 kB\nActive(anon):       1980 kB\nInactive(anon):      836 kB\nActive(file):      13632 kB\nInactive(file):    16624 kB\nUnevictable:           0 kB\nMlocked:               0 kB\nSwapTotal:             0 kB\nSwapFree:              0 kB\nDirty:               112 kB\nWriteback:             0 kB\nAnonPages:           792 kB\nMapped:             1816 kB\nShmem:              2048 kB\nKReclaimable:       1872 kB\nSlab:               8656 kB\nSReclaimable:       1872 kB\nSUnreclaim:         6784 kB\nKernelStack:         848 kB\nPageTables:          120 kB\nNFS_Unstable:          0 kB\nBounce:                0 kB\nWritebackTmp:          0 kB\nCommitLimit:       33112 kB\nCommitted_AS:       4148 kB\nVmallocTotal:   34359738367 kB\nVmallocUsed:        2180 kB\nVmallocChunk:          0 kB\nPercpu:              208 kB\nDirectMap4k: ", 1024}], 2) = 1024
[77ff6acb] readv(11, [{"", 0}, {"      26496 kB\nDirectMap2M:      104448 kB\n    21568 kB\nMemAvailable:      44860 kB\nBuffers:            6556 kB\nCached:            25760 kB\nSwapCached:            0 kB\nActive:            15612 kB\nInactive:          17460 kB\nActive(anon):       1980 kB\nInactive(anon):      836 kB\nActive(file):      13632 kB\nInactive(file):    16624 kB\nUnevictable:           0 kB\nMlocked:               0 kB\nSwapTotal:             0 kB\nSwapFree:              0 kB\nDirty:               112 kB\nWriteback:             0 kB\nAnonPages:           792 kB\nMapped:             1816 kB\nShmem:              2048 kB\nKReclaimable:       1872 kB\nSlab:               8656 kB\nSReclaimable:       1872 kB\nSUnreclaim:         6784 kB\nKernelStack:         848 kB\nPageTables:          120 kB\nNFS_Unstable:          0 kB\nBounce:                0 kB\nWritebackTmp:          0 kB\nCommitLimit:       33112 kB\nCommitted_AS:       4148 kB\nVmallocTotal:   34359738367 kB\nVmallocUsed:        2180 kB\nVmallocChunk:          0 kB\nPercpu:              208 kB\nDirectMap4k: ", 1024}], 2) = 43
[77ff6acb] readv(11, [{"", 0}, {"      26496 kB\nDirectMap2M:      104448 kB\n    21568 kB\nMemAvailable:      44860 kB\nBuffers:            6556 kB\nCached:            25760 kB\nSwapCached:            0 kB\nActive:            15612 kB\nInactive:          17460 kB\nActive(anon):       1980 kB\nInactive(anon):      836 kB\nActive(file):      13632 kB\nInactive(file):    16624 kB\nUnevictable:           0 kB\nMlocked:               0 kB\nSwapTotal:             0 kB\nSwapFree:              0 kB\nDirty:               112 kB\nWriteback:             0 kB\nAnonPages:           792 kB\nMapped:             1816 kB\nShmem:              2048 kB\nKReclaimable:       1872 kB\nSlab:               8656 kB\nSReclaimable:       1872 kB\nSUnreclaim:         6784 kB\nKernelStack:         848 kB\nPageTables:          120 kB\nNFS_Unstable:          0 kB\nBounce:                0 kB\nWritebackTmp:          0 kB\nCommitLimit:       33112 kB\nCommitted_AS:       4148 kB\nVmallocTotal:   34359738367 kB\nVmallocUsed:        2180 kB\nVmallocChunk:          0 kB\nPercpu:              208 kB\nDirectMap4k: ", 1024}], 2) = 0
[77fc2d89] close(11)                    = 0
[77fc2d89] socketpair(PF_FILE, SOCK_STREAM, 0, [11, 12]) = 0
[77fc2d89] rt_sigprocmask(SIG_BLOCK, ~[], [], 8) = 0
[77fc2d89] fork()                       = 100
[77fc2d89] rt_sigprocmask(SIG_SETMASK, [], NULL, 8) = 0
[77ff6acb] write(2, "( static( pname=mactel ) local( DEAD) peer(15,ffffffff,,BADID) ) run!  started, pid 100\n", 88) = 88
[77ff6acb] close(12)                    = 0
[77fc2d89] fcntl64(11, F_SETFL, O_RDONLY|O_NONBLOCK|O_LARGEFILE) = 0
[77ff6acb] write(2, "( static( pname=mactel pid=100 ) local( DEAD) peer(15,ffffffff,,BADID) ) entering state  WAITING\n", 97) = 97
[77fc2d89] faccessat(AT_FDCWD, "/ram/NOZOMB", F_OK) = -1 ENOENT (No such file or directory)
[77fc2d89] times(NULL)                  = -27203
[77ff6acb] write(1, "checkForFreeMemory\n", 19) = 19
[77ff6acb] open("/proc/meminfo", O_RDONLY|O_LARGEFILE) = 12
[77ff6acb] readv(12, [{"", 0}, {"MemTotal:          66228 kB\nMemFree:           21160 kB\nMemAvailable:      44728 kB\nBuffers:            6608 kB\nCached:            25964 kB\nSwapCached:            0 kB\nActive:            15768 kB\nInactive:          17616 kB\nActive(anon):       2028 kB\nInactive(anon):      836 kB\nActive(file):      13740 kB\nInactive(file):    16780 kB\nUnevictable:           0 kB\nMlocked:               0 kB\nSwapTotal:             0 kB\nSwapFree:              0 kB\nDirty:                76 kB\nWriteback:             0 kB\nAnonPages:           852 kB\nMapped:             1912 kB\nShmem:              2048 kB\nKReclaimable:       1896 kB\nSlab:               8692 kB\nSReclaimable:       1896 kB\nSUnreclaim:         6796 kB\nKernelStack:         864 kB\nPageTables:          136 kB\nNFS_Unstable:          0 kB\nBounce:                0 kB\nWritebackTmp:          0 kB\nCommitLimit:       33112 kB\nCommitted_AS:       4384 kB\nVmallocTotal:   34359738367 kB\nVmallocUsed:        2204 kB\nVmallocChunk:          0 kB\nPercpu:              208 kB\nDirectMap4k: ", 1024}], 2) = 1024
[77ff6acb] readv(12, [{"", 0}, {"      26496 kB\nDirectMap2M:      104448 kB\n    21160 kB\nMemAvailable:      44728 kB\nBuffers:            6608 kB\nCached:            25964 kB\nSwapCached:            0 kB\nActive:            15768 kB\nInactive:          17616 kB\nActive(anon):       2028 kB\nInactive(anon):      836 kB\nActive(file):      13740 kB\nInactive(file):    16780 kB\nUnevictable:           0 kB\nMlocked:               0 kB\nSwapTotal:             0 kB\nSwapFree:              0 kB\nDirty:                76 kB\nWriteback:             0 kB\nAnonPages:           852 kB\nMapped:             1912 kB\nShmem:              2048 kB\nKReclaimable:       1896 kB\nSlab:               8692 kB\nSReclaimable:       1896 kB\nSUnreclaim:         6796 kB\nKernelStack:         864 kB\nPageTables:          136 kB\nNFS_Unstable:          0 kB\nBounce:                0 kB\nWritebackTmp:          0 kB\nCommitLimit:       33112 kB\nCommitted_AS:       4384 kB\nVmallocTotal:   34359738367 kB\nVmallocUsed:        2204 kB\nVmallocChunk:          0 kB\nPercpu:              208 kB\nDirectMap4k: ", 1024}], 2) = 43
[77ff6acb] readv(12, [{"", 0}, {"      26496 kB\nDirectMap2M:      104448 kB\n    21160 kB\nMemAvailable:      44728 kB\nBuffers:            6608 kB\nCached:            25964 kB\nSwapCached:            0 kB\nActive:            15768 kB\nInactive:          17616 kB\nActive(anon):       2028 kB\nInactive(anon):      836 kB\nActive(file):      13740 kB\nInactive(file):    16780 kB\nUnevictable:           0 kB\nMlocked:               0 kB\nSwapTotal:             0 kB\nSwapFree:              0 kB\nDirty:                76 kB\nWriteback:             0 kB\nAnonPages:           852 kB\nMapped:             1912 kB\nShmem:              2048 kB\nKReclaimable:       1896 kB\nSlab:               8692 kB\nSReclaimable:       1896 kB\nSUnreclaim:         6796 kB\nKernelStack:         864 kB\nPageTables:          136 kB\nNFS_Unstable:          0 kB\nBounce:                0 kB\nWritebackTmp:          0 kB\nCommitLimit:       33112 kB\nCommitted_AS:       4384 kB\nVmallocTotal:   34359738367 kB\nVmallocUsed:        2204 kB\nVmallocChunk:          0 kB\nPercpu:              208 kB\nDirectMap4k: ", 1024}], 2) = 0
[77fc2d89] close(12)                    = 0
[77fc2d89] socketpair(PF_FILE, SOCK_STREAM, 0, [12, 13]) = 0
[77fc2d89] rt_sigprocmask(SIG_BLOCK, ~[], [], 8) = 0
[77fc2d89] fork()                       = 101
[77fc2d89] rt_sigprocmask(SIG_SETMASK, [], NULL, 8) = 0
[77ff6acb] write(2, "( static( pname=bridge2 ) local( DEAD) peer(16,ffffffff,,BADID) ) run!  started, pid 101\n", 89) = 89
[77ff6acb] close(13)                    = 0
[77fc2d89] fcntl64(12, F_SETFL, O_RDONLY|O_NONBLOCK|O_LARGEFILE) = 0
[77ff6acb] write(2, "( static( pname=bridge2 pid=101 ) local( DEAD) peer(16,ffffffff,,BADID) ) entering state  WAITING\n", 98) = 98
[77fc2d89] faccessat(AT_FDCWD, "/ram/NOZOMB", F_OK) = -1 ENOENT (No such file or directory)
[77fc2d89] times(NULL)                  = -27200
[77ff6acb] write(1, "checkForFreeMemory\n", 19) = 19
[77ff6acb] open("/proc/meminfo", O_RDONLY|O_LARGEFILE) = 13
[77fc2d89] brk(0x807d000)               = 0x807d000
[77ff6acb] readv(13, [{"", 0}, {"MemTotal:          66228 kB\nMemFree:           20412 kB\nMemAvailable:      44536 kB\nBuffers:            6728 kB\nCached:            26404 kB\nSwapCached:            0 kB\nActive:            16112 kB\nInactive:          17932 kB\nActive(anon):       2140 kB\nInactive(anon):      836 kB\nActive(file):      13972 kB\nInactive(file):    17096 kB\nUnevictable:           0 kB\nMlocked:               0 kB\nSwapTotal:             0 kB\nSwapFree:              0 kB\nDirty:                60 kB\nWriteback:             0 kB\nAnonPages:           928 kB\nMapped:             1912 kB\nShmem:              2048 kB\nKReclaimable:       1908 kB\nSlab:               8748 kB\nSReclaimable:       1908 kB\nSUnreclaim:         6840 kB\nKernelStack:         880 kB\nPageTables:          144 kB\nNFS_Unstable:          0 kB\nBounce:                0 kB\nWritebackTmp:          0 kB\nCommitLimit:       33112 kB\nCommitted_AS:       4692 kB\nVmallocTotal:   34359738367 kB\nVmallocUsed:        2220 kB\nVmallocChunk:          0 kB\nPercpu:              208 kB\nDirectMap4k: ", 1024}], 2) = 1024
[77ff6acb] readv(13, [{"", 0}, {"      26496 kB\nDirectMap2M:      104448 kB\n    20412 kB\nMemAvailable:      44536 kB\nBuffers:            6728 kB\nCached:            26404 kB\nSwapCached:            0 kB\nActive:            16112 kB\nInactive:          17932 kB\nActive(anon):       2140 kB\nInactive(anon):      836 kB\nActive(file):      13972 kB\nInactive(file):    17096 kB\nUnevictable:           0 kB\nMlocked:               0 kB\nSwapTotal:             0 kB\nSwapFree:              0 kB\nDirty:                60 kB\nWriteback:             0 kB\nAnonPages:           928 kB\nMapped:             1912 kB\nShmem:              2048 kB\nKReclaimable:       1908 kB\nSlab:               8748 kB\nSReclaimable:       1908 kB\nSUnreclaim:         6840 kB\nKernelStack:         880 kB\nPageTables:          144 kB\nNFS_Unstable:          0 kB\nBounce:                0 kB\nWritebackTmp:          0 kB\nCommitLimit:       33112 kB\nCommitted_AS:       4692 kB\nVmallocTotal:   34359738367 kB\nVmallocUsed:        2220 kB\nVmallocChunk:          0 kB\nPercpu:              208 kB\nDirectMap4k: ", 1024}], 2) = 43
[77ff6acb] readv(13, [{"", 0}, {"      26496 kB\nDirectMap2M:      104448 kB\n    20412 kB\nMemAvailable:      44536 kB\nBuffers:            6728 kB\nCached:            26404 kB\nSwapCached:            0 kB\nActive:            16112 kB\nInactive:          17932 kB\nActive(anon):       2140 kB\nInactive(anon):      836 kB\nActive(file):      13972 kB\nInactive(file):    17096 kB\nUnevictable:           0 kB\nMlocked:               0 kB\nSwapTotal:             0 kB\nSwapFree:              0 kB\nDirty:                60 kB\nWriteback:             0 kB\nAnonPages:           928 kB\nMapped:             1912 kB\nShmem:              2048 kB\nKReclaimable:       1908 kB\nSlab:               8748 kB\nSReclaimable:       1908 kB\nSUnreclaim:         6840 kB\nKernelStack:         880 kB\nPageTables:          144 kB\nNFS_Unstable:          0 kB\nBounce:                0 kB\nWritebackTmp:          0 kB\nCommitLimit:       33112 kB\nCommitted_AS:       4692 kB\nVmallocTotal:   34359738367 kB\nVmallocUsed:        2220 kB\nVmallocChunk:          0 kB\nPercpu:              208 kB\nDirectMap4k: ", 1024}], 2) = 0
[77fc2d89] close(13)                    = 0
[77fc2d89] socketpair(PF_FILE, SOCK_STREAM, 0, [13, 14]) = 0
[77fc2d89] rt_sigprocmask(SIG_BLOCK, ~[], [], 8) = 0
[77fc2d89] fork()                       = 102
[77fc2d89] rt_sigprocmask(SIG_SETMASK, [], NULL, 8) = 0
[77ff6acb] write(2, "( static( pname=macping ) local( DEAD) peer(18,ffffffff,,BADID) ) run!  started, pid 102\n", 89) = 89
[77ff6acb] close(14)                    = 0
[77fc2d89] fcntl64(13, F_SETFL, O_RDONLY|O_NONBLOCK|O_LARGEFILE) = 0
[77ff6acb] write(2, "( static( pname=macping pid=102 ) local( DEAD) peer(18,ffffffff,,BADID) ) entering state  WAITING\n", 98) = 98
[77fc2d89] faccessat(AT_FDCWD, "/ram/NOZOMB", F_OK) = -1 ENOENT (No such file or directory)
[77fc2d89] times(NULL)                  = -27068
[77ff6acb] write(1, "checkForFreeMemory\n", 19) = 19
[77ff6acb] open("/proc/meminfo", O_RDONLY|O_LARGEFILE) = 14
[77ff6acb] readv(14, [{"", 0}, {"MemTotal:          66228 kB\nMemFree:           20116 kB\nMemAvailable:      44400 kB\nBuffers:            6728 kB\nCached:            26552 kB\nSwapCached:            0 kB\nActive:            16152 kB\nInactive:          18076 kB\nActive(anon):       2168 kB\nInactive(anon):      836 kB\nActive(file):      13984 kB\nInactive(file):    17240 kB\nUnevictable:           0 kB\nMlocked:               0 kB\nSwapTotal:             0 kB\nSwapFree:              0 kB\nDirty:                40 kB\nWriteback:             0 kB\nAnonPages:           976 kB\nMapped:             2116 kB\nShmem:              2048 kB\nKReclaimable:       1920 kB\nSlab:               8788 kB\nSReclaimable:       1920 kB\nSUnreclaim:         6868 kB\nKernelStack:         896 kB\nPageTables:          156 kB\nNFS_Unstable:          0 kB\nBounce:                0 kB\nWritebackTmp:          0 kB\nCommitLimit:       33112 kB\nCommitted_AS:       4716 kB\nVmallocTotal:   34359738367 kB\nVmallocUsed:        2236 kB\nVmallocChunk:          0 kB\nPercpu:              208 kB\nDirectMap4k: ", 1024}], 2) = 1024
[77ff6acb] readv(14, [{"", 0}, {"      26496 kB\nDirectMap2M:      104448 kB\n    20116 kB\nMemAvailable:      44400 kB\nBuffers:            6728 kB\nCached:            26552 kB\nSwapCached:            0 kB\nActive:            16152 kB\nInactive:          18076 kB\nActive(anon):       2168 kB\nInactive(anon):      836 kB\nActive(file):      13984 kB\nInactive(file):    17240 kB\nUnevictable:           0 kB\nMlocked:               0 kB\nSwapTotal:             0 kB\nSwapFree:              0 kB\nDirty:                40 kB\nWriteback:             0 kB\nAnonPages:           976 kB\nMapped:             2116 kB\nShmem:              2048 kB\nKReclaimable:       1920 kB\nSlab:               8788 kB\nSReclaimable:       1920 kB\nSUnreclaim:         6868 kB\nKernelStack:         896 kB\nPageTables:          156 kB\nNFS_Unstable:          0 kB\nBounce:                0 kB\nWritebackTmp:          0 kB\nCommitLimit:       33112 kB\nCommitted_AS:       4716 kB\nVmallocTotal:   34359738367 kB\nVmallocUsed:        2236 kB\nVmallocChunk:          0 kB\nPercpu:              208 kB\nDirectMap4k: ", 1024}], 2) = 43
[77ff6acb] readv(14, [{"", 0}, {"      26496 kB\nDirectMap2M:      104448 kB\n    20116 kB\nMemAvailable:      44400 kB\nBuffers:            6728 kB\nCached:            26552 kB\nSwapCached:            0 kB\nActive:            16152 kB\nInactive:          18076 kB\nActive(anon):       2168 kB\nInactive(anon):      836 kB\nActive(file):      13984 kB\nInactive(file):    17240 kB\nUnevictable:           0 kB\nMlocked:               0 kB\nSwapTotal:             0 kB\nSwapFree:              0 kB\nDirty:                40 kB\nWriteback:             0 kB\nAnonPages:           976 kB\nMapped:             2116 kB\nShmem:              2048 kB\nKReclaimable:       1920 kB\nSlab:               8788 kB\nSReclaimable:       1920 kB\nSUnreclaim:         6868 kB\nKernelStack:         896 kB\nPageTables:          156 kB\nNFS_Unstable:          0 kB\nBounce:                0 kB\nWritebackTmp:          0 kB\nCommitLimit:       33112 kB\nCommitted_AS:       4716 kB\nVmallocTotal:   34359738367 kB\nVmallocUsed:        2236 kB\nVmallocChunk:          0 kB\nPercpu:              208 kB\nDirectMap4k: ", 1024}], 2) = 0
[77fc2d89] close(14)                    = 0
[77fc2d89] socketpair(PF_FILE, SOCK_STREAM, 0, [14, 15]) = 0
[77fc2d89] rt_sigprocmask(SIG_BLOCK, ~[], [], 8) = 0
[77fc2d89] fork()                       = 103
[77fc2d89] rt_sigprocmask(SIG_SETMASK, [], NULL, 8) = 0
[77ff6acb] write(2, "( static( pname=net ) local( DEAD) peer(20,ffffffff,,BADID) ) run!  started, pid 103\n", 85) = 85
[77ff6acb] close(15)                    = 0
[77fc2d89] fcntl64(14, F_SETFL, O_RDONLY|O_NONBLOCK|O_LARGEFILE) = 0
[77ff6acb] write(2, "( static( pname=net pid=103 ) local( DEAD) peer(20,ffffffff,,BADID) ) entering state  WAITING\n", 94) = 94
[77fc2d89] faccessat(AT_FDCWD, "/ram/NOZOMB", F_OK) = -1 ENOENT (No such file or directory)
[77fc2d89] times(NULL)                  = -27000
[77ff6acb] write(1, "checkForFreeMemory\n", 19) = 19
[77ff6acb] open("/proc/meminfo", O_RDONLY|O_LARGEFILE) = 15
[77ff6acb] readv(15, [{"", 0}, {"MemTotal:          66228 kB\nMemFree:           19384 kB\nMemAvailable:      44240 kB\nBuffers:            6840 kB\nCached:            27000 kB\nSwapCached:            0 kB\nActive:            16632 kB\nInactive:          18244 kB\nActive(anon):       2252 kB\nInactive(anon):      836 kB\nActive(file):      14380 kB\nInactive(file):    17408 kB\nUnevictable:           0 kB\nMlocked:               0 kB\nSwapTotal:             0 kB\nSwapFree:              0 kB\nDirty:               124 kB\nWriteback:             0 kB\nAnonPages:          1072 kB\nMapped:             2116 kB\nShmem:              2048 kB\nKReclaimable:       1932 kB\nSlab:               8800 kB\nSReclaimable:       1932 kB\nSUnreclaim:         6868 kB\nKernelStack:         912 kB\nPageTables:          156 kB\nNFS_Unstable:          0 kB\nBounce:                0 kB\nWritebackTmp:          0 kB\nCommitLimit:       33112 kB\nCommitted_AS:       4940 kB\nVmallocTotal:   34359738367 kB\nVmallocUsed:        2252 kB\nVmallocChunk:          0 kB\nPercpu:              208 kB\nDirectMap4k: ", 1024}], 2) = 1024
[77ff6acb] readv(15, [{"", 0}, {"      26496 kB\nDirectMap2M:      104448 kB\n    19384 kB\nMemAvailable:      44240 kB\nBuffers:            6840 kB\nCached:            27000 kB\nSwapCached:            0 kB\nActive:            16632 kB\nInactive:          18244 kB\nActive(anon):       2252 kB\nInactive(anon):      836 kB\nActive(file):      14380 kB\nInactive(file):    17408 kB\nUnevictable:           0 kB\nMlocked:               0 kB\nSwapTotal:             0 kB\nSwapFree:              0 kB\nDirty:               124 kB\nWriteback:             0 kB\nAnonPages:          1072 kB\nMapped:             2116 kB\nShmem:              2048 kB\nKReclaimable:       1932 kB\nSlab:               8800 kB\nSReclaimable:       1932 kB\nSUnreclaim:         6868 kB\nKernelStack:         912 kB\nPageTables:          156 kB\nNFS_Unstable:          0 kB\nBounce:                0 kB\nWritebackTmp:          0 kB\nCommitLimit:       33112 kB\nCommitted_AS:       4940 kB\nVmallocTotal:   34359738367 kB\nVmallocUsed:        2252 kB\nVmallocChunk:          0 kB\nPercpu:              208 kB\nDirectMap4k: ", 1024}], 2) = 43
[77ff6acb] readv(15, [{"", 0}, {"      26496 kB\nDirectMap2M:      104448 kB\n    19384 kB\nMemAvailable:      44240 kB\nBuffers:            6840 kB\nCached:            27000 kB\nSwapCached:            0 kB\nActive:            16632 kB\nInactive:          18244 kB\nActive(anon):       2252 kB\nInactive(anon):      836 kB\nActive(file):      14380 kB\nInactive(file):    17408 kB\nUnevictable:           0 kB\nMlocked:               0 kB\nSwapTotal:             0 kB\nSwapFree:              0 kB\nDirty:               124 kB\nWriteback:             0 kB\nAnonPages:          1072 kB\nMapped:             2116 kB\nShmem:              2048 kB\nKReclaimable:       1932 kB\nSlab:               8800 kB\nSReclaimable:       1932 kB\nSUnreclaim:         6868 kB\nKernelStack:         912 kB\nPageTables:          156 kB\nNFS_Unstable:          0 kB\nBounce:                0 kB\nWritebackTmp:          0 kB\nCommitLimit:       33112 kB\nCommitted_AS:       4940 kB\nVmallocTotal:   34359738367 kB\nVmallocUsed:        2252 kB\nVmallocChunk:          0 kB\nPercpu:              208 kB\nDirectMap4k: ", 1024}], 2) = 0
[77fc2d89] close(15)                    = 0
[77fc2d89] socketpair(PF_FILE, SOCK_STREAM, 0, [15, 16]) = 0
[77fc2d89] rt_sigprocmask(SIG_BLOCK, ~[], [], 8) = 0
[77fc2d89] fork()                       = 104
[77fc2d89] rt_sigprocmask(SIG_SETMASK, [], NULL, 8) = 0
[77ff6acb] write(2, "( static( pname=sys2 ) local( DEAD) peer(24,ffffffff,,BADID) ) run!  started, pid 104\n", 86) = 86
[77ff6acb] close(16)                    = 0
[77fc2d89] fcntl64(15, F_SETFL, O_RDONLY|O_NONBLOCK|O_LARGEFILE) = 0
[77ff6acb] write(2, "( static( pname=sys2 pid=104 ) local( DEAD) peer(24,ffffffff,,BADID) ) entering state  WAITING\n", 95) = 95
[77fc2d89] faccessat(AT_FDCWD, "/ram/NOZOMB", F_OK) = -1 ENOENT (No such file or directory)
[77fc2d89] times(NULL)                  = -26928
[77ff6acb] write(1, "checkForFreeMemory\n", 19) = 19
[77ff6acb] open("/proc/meminfo", O_RDONLY|O_LARGEFILE) = 16
[77ff6acb] readv(16, [{"", 0}, {"MemTotal:          66228 kB\nMemFree:           18564 kB\nMemAvailable:      44132 kB\nBuffers:            6968 kB\nCached:            27588 kB\nSwapCached:            0 kB\nActive:            16944 kB\nInactive:          18680 kB\nActive(anon):       2296 kB\nInactive(anon):      836 kB\nActive(file):      14648 kB\nInactive(file):    17844 kB\nUnevictable:           0 kB\nMlocked:               0 kB\nSwapTotal:             0 kB\nSwapFree:              0 kB\nDirty:                68 kB\nWriteback:             0 kB\nAnonPages:          1112 kB\nMapped:             2192 kB\nShmem:              2048 kB\nKReclaimable:       1952 kB\nSlab:               8848 kB\nSReclaimable:       1952 kB\nSUnreclaim:         6896 kB\nKernelStack:         928 kB\nPageTables:          180 kB\nNFS_Unstable:          0 kB\nBounce:                0 kB\nWritebackTmp:          0 kB\nCommitLimit:       33112 kB\nCommitted_AS:       5244 kB\nVmallocTotal:   34359738367 kB\nVmallocUsed:        2268 kB\nVmallocChunk:          0 kB\nPercpu:              208 kB\nDirectMap4k: ", 1024}], 2) = 1024
[77ff6acb] readv(16, [{"", 0}, {"      26496 kB\nDirectMap2M:      104448 kB\n    18564 kB\nMemAvailable:      44132 kB\nBuffers:            6968 kB\nCached:            27588 kB\nSwapCached:            0 kB\nActive:            16944 kB\nInactive:          18680 kB\nActive(anon):       2296 kB\nInactive(anon):      836 kB\nActive(file):      14648 kB\nInactive(file):    17844 kB\nUnevictable:           0 kB\nMlocked:               0 kB\nSwapTotal:             0 kB\nSwapFree:              0 kB\nDirty:                68 kB\nWriteback:             0 kB\nAnonPages:          1112 kB\nMapped:             2192 kB\nShmem:              2048 kB\nKReclaimable:       1952 kB\nSlab:               8848 kB\nSReclaimable:       1952 kB\nSUnreclaim:         6896 kB\nKernelStack:         928 kB\nPageTables:          180 kB\nNFS_Unstable:          0 kB\nBounce:                0 kB\nWritebackTmp:          0 kB\nCommitLimit:       33112 kB\nCommitted_AS:       5244 kB\nVmallocTotal:   34359738367 kB\nVmallocUsed:        2268 kB\nVmallocChunk:          0 kB\nPercpu:              208 kB\nDirectMap4k: ", 1024}], 2) = 43
[77ff6acb] readv(16, [{"", 0}, {"      26496 kB\nDirectMap2M:      104448 kB\n    18564 kB\nMemAvailable:      44132 kB\nBuffers:            6968 kB\nCached:            27588 kB\nSwapCached:            0 kB\nActive:            16944 kB\nInactive:          18680 kB\nActive(anon):       2296 kB\nInactive(anon):      836 kB\nActive(file):      14648 kB\nInactive(file):    17844 kB\nUnevictable:           0 kB\nMlocked:               0 kB\nSwapTotal:             0 kB\nSwapFree:              0 kB\nDirty:                68 kB\nWriteback:             0 kB\nAnonPages:          1112 kB\nMapped:             2192 kB\nShmem:              2048 kB\nKReclaimable:       1952 kB\nSlab:               8848 kB\nSReclaimable:       1952 kB\nSUnreclaim:         6896 kB\nKernelStack:         928 kB\nPageTables:          180 kB\nNFS_Unstable:          0 kB\nBounce:                0 kB\nWritebackTmp:          0 kB\nCommitLimit:       33112 kB\nCommitted_AS:       5244 kB\nVmallocTotal:   34359738367 kB\nVmallocUsed:        2268 kB\nVmallocChunk:          0 kB\nPercpu:              208 kB\nDirectMap4k: ", 1024}], 2) = 0
[77fc2d89] close(16)                    = 0
[77fc2d89] socketpair(PF_FILE, SOCK_STREAM, 0, [16, 17]) = 0
[77fc2d89] rt_sigprocmask(SIG_BLOCK, ~[], [], 8) = 0
[77fc2d89] fork()                       = 105
[77fc2d89] rt_sigprocmask(SIG_SETMASK, [], NULL, 8) = 0
[77ff6acb] write(2, "( static( pname=btest ) local( DEAD) peer(29,ffffffff,,BADID) ) run!  started, pid 105\n", 87) = 87
[77ff6acb] close(17)                    = 0
[77fc2d89] fcntl64(16, F_SETFL, O_RDONLY|O_NONBLOCK|O_LARGEFILE) = 0
[77ff6acb] write(2, "( static( pname=btest pid=105 ) local( DEAD) peer(29,ffffffff,,BADID) ) entering state  WAITING\n", 96) = 96
[77fc2d89] faccessat(AT_FDCWD, "/ram/NOZOMB", F_OK) = -1 ENOENT (No such file or directory)
[77fc2d89] times(NULL)                  = -26841
[77ff6acb] write(1, "checkForFreeMemory\n", 19) = 19
[77ff6acb] open("/proc/meminfo", O_RDONLY|O_LARGEFILE) = 17
[77ff6acb] readv(17, [{"", 0}, {"MemTotal:          66228 kB\nMemFree:           16956 kB\nMemAvailable:      43888 kB\nBuffers:            7240 kB\nCached:            28712 kB\nSwapCached:            0 kB\nActive:            17496 kB\nInactive:          19604 kB\nActive(anon):       2428 kB\nInactive(anon):      836 kB\nActive(file):      15068 kB\nInactive(file):    18768 kB\nUnevictable:           0 kB\nMlocked:               0 kB\nSwapTotal:             0 kB\nSwapFree:              0 kB\nDirty:                44 kB\nWriteback:             0 kB\nAnonPages:          1208 kB\nMapped:             2528 kB\nShmem:              2048 kB\nKReclaimable:       1988 kB\nSlab:               8904 kB\nSReclaimable:       1988 kB\nSUnreclaim:         6916 kB\nKernelStack:         944 kB\nPageTables:          192 kB\nNFS_Unstable:          0 kB\nBounce:                0 kB\nWritebackTmp:          0 kB\nCommitLimit:       33112 kB\nCommitted_AS:       5368 kB\nVmallocTotal:   34359738367 kB\nVmallocUsed:        2300 kB\nVmallocChunk:          0 kB\nPercpu:              208 kB\nDirectMap4k: ", 1024}], 2) = 1024
[77ff6acb] readv(17, [{"", 0}, {"      26496 kB\nDirectMap2M:      104448 kB\n    16956 kB\nMemAvailable:      43888 kB\nBuffers:            7240 kB\nCached:            28712 kB\nSwapCached:            0 kB\nActive:            17496 kB\nInactive:          19604 kB\nActive(anon):       2428 kB\nInactive(anon):      836 kB\nActive(file):      15068 kB\nInactive(file):    18768 kB\nUnevictable:           0 kB\nMlocked:               0 kB\nSwapTotal:             0 kB\nSwapFree:              0 kB\nDirty:                44 kB\nWriteback:             0 kB\nAnonPages:          1208 kB\nMapped:             2528 kB\nShmem:              2048 kB\nKReclaimable:       1988 kB\nSlab:               8904 kB\nSReclaimable:       1988 kB\nSUnreclaim:         6916 kB\nKernelStack:         944 kB\nPageTables:          192 kB\nNFS_Unstable:          0 kB\nBounce:                0 kB\nWritebackTmp:          0 kB\nCommitLimit:       33112 kB\nCommitted_AS:       5368 kB\nVmallocTotal:   34359738367 kB\nVmallocUsed:        2300 kB\nVmallocChunk:          0 kB\nPercpu:              208 kB\nDirectMap4k: ", 1024}], 2) = 43
[77ff6acb] readv(17, [{"", 0}, {"      26496 kB\nDirectMap2M:      104448 kB\n    16956 kB\nMemAvailable:      43888 kB\nBuffers:            7240 kB\nCached:            28712 kB\nSwapCached:            0 kB\nActive:            17496 kB\nInactive:          19604 kB\nActive(anon):       2428 kB\nInactive(anon):      836 kB\nActive(file):      15068 kB\nInactive(file):    18768 kB\nUnevictable:           0 kB\nMlocked:               0 kB\nSwapTotal:             0 kB\nSwapFree:              0 kB\nDirty:                44 kB\nWriteback:             0 kB\nAnonPages:          1208 kB\nMapped:             2528 kB\nShmem:              2048 kB\nKReclaimable:       1988 kB\nSlab:               8904 kB\nSReclaimable:       1988 kB\nSUnreclaim:         6916 kB\nKernelStack:         944 kB\nPageTables:          192 kB\nNFS_Unstable:          0 kB\nBounce:                0 kB\nWritebackTmp:          0 kB\nCommitLimit:       33112 kB\nCommitted_AS:       5368 kB\nVmallocTotal:   34359738367 kB\nVmallocUsed:        2300 kB\nVmallocChunk:          0 kB\nPercpu:              208 kB\nDirectMap4k: ", 1024}], 2) = 0
[77fc2d89] close(17)                    = 0
[77fc2d89] socketpair(PF_FILE, SOCK_STREAM, 0, [17, 18]) = 0
[77fc2d89] rt_sigprocmask(SIG_BLOCK, ~[], [], 8) = 0
[77fc2d89] fork()                       = 106
[77fc2d89] rt_sigprocmask(SIG_SETMASK, [], NULL, 8) = 0
[77ff6acb] write(2, "( static( pname=ippool6 ) local( DEAD) peer(30,ffffffff,,BADID) ) run!  started, pid 106\n", 89) = 89
[77ff6acb] close(18)                    = 0
[77fc2d89] fcntl64(17, F_SETFL, O_RDONLY|O_NONBLOCK|O_LARGEFILE) = 0
[77ff6acb] write(2, "( static( pname=ippool6 pid=106 ) local( DEAD) peer(30,ffffffff,,BADID) ) entering state  WAITING\n", 98) = 98
[77fc2d89] faccessat(AT_FDCWD, "/ram/NOZOMB", F_OK) = -1 ENOENT (No such file or directory)
[77fc2d89] times(NULL)                  = -26763
[77ff6acb] write(1, "checkForFreeMemory\n", 19) = 19
[77ff6acb] open("/proc/meminfo", O_RDONLY|O_LARGEFILE) = 18
[77ff6acb] readv(18, [{"", 0}, {"MemTotal:          66228 kB\nMemFree:           16064 kB\nMemAvailable:      43736 kB\nBuffers:            7352 kB\nCached:            29280 kB\nSwapCached:            0 kB\nActive:            17904 kB\nInactive:          19976 kB\nActive(anon):       2476 kB\nInactive(anon):      836 kB\nActive(file):      15428 kB\nInactive(file):    19140 kB\nUnevictable:           0 kB\nMlocked:               0 kB\nSwapTotal:             0 kB\nSwapFree:              0 kB\nDirty:               144 kB\nWriteback:             0 kB\nAnonPages:          1304 kB\nMapped:             3120 kB\nShmem:              2048 kB\nKReclaimable:       2004 kB\nSlab:               8968 kB\nSReclaimable:       2004 kB\nSUnreclaim:         6964 kB\nKernelStack:         960 kB\nPageTables:          204 kB\nNFS_Unstable:          0 kB\nBounce:                0 kB\nWritebackTmp:          0 kB\nCommitLimit:       33112 kB\nCommitted_AS:       5420 kB\nVmallocTotal:   34359738367 kB\nVmallocUsed:        2316 kB\nVmallocChunk:          0 kB\nPercpu:              208 kB\nDirectMap4k: ", 1024}], 2) = 1024
[77ff6acb] readv(18, [{"", 0}, {"      26496 kB\nDirectMap2M:      104448 kB\n    16064 kB\nMemAvailable:      43736 kB\nBuffers:            7352 kB\nCached:            29280 kB\nSwapCached:            0 kB\nActive:            17904 kB\nInactive:          19976 kB\nActive(anon):       2476 kB\nInactive(anon):      836 kB\nActive(file):      15428 kB\nInactive(file):    19140 kB\nUnevictable:           0 kB\nMlocked:               0 kB\nSwapTotal:             0 kB\nSwapFree:              0 kB\nDirty:               144 kB\nWriteback:             0 kB\nAnonPages:          1304 kB\nMapped:             3120 kB\nShmem:              2048 kB\nKReclaimable:       2004 kB\nSlab:               8968 kB\nSReclaimable:       2004 kB\nSUnreclaim:         6964 kB\nKernelStack:         960 kB\nPageTables:          204 kB\nNFS_Unstable:          0 kB\nBounce:                0 kB\nWritebackTmp:          0 kB\nCommitLimit:       33112 kB\nCommitted_AS:       5420 kB\nVmallocTotal:   34359738367 kB\nVmallocUsed:        2316 kB\nVmallocChunk:          0 kB\nPercpu:              208 kB\nDirectMap4k: ", 1024}], 2) = 43
